     VMA      LMA     Size Align Out     In      Symbol
       0        0        0     1 _stext = ORIGIN ( RAM ) + 0x420
   a0000    a0000      380    64 .ram_nc
   a0000    a0000        0     1         __ram_nc_start = .
   a0000    a0000      380    64         /home/slee/work/rot/aspeed/aspeed-rust/target/thumbv7em-none-eabihf/debug/deps/libaspeed_ddk-c6ab62bacbf4df4d.rlib(aspeed_ddk-c6ab62bacbf4df4d.0mvbih5hto0rztb2rhdo7icyu.rcgu.o):(.ram_nc)
   a0000    a0000      300     1                 aspeed_ddk::hace_controller::SHARED_HASH_CTX::h55bb8dfb80acf213
   a0300    a0300       80     1                 aspeed_ddk::hace_controller::SHARED_CRYPTO_CTX::hea118a275fa47c78
   a0380    a0380        0     1         __ram_nc_end = .
   a0380    a0380        0     1 PROVIDE ( NonMaskableInt = DefaultHandler )
   a0380    a0380        0     1 PROVIDE ( MemoryManagement = DefaultHandler )
   a0380    a0380        0     1 PROVIDE ( BusFault = DefaultHandler )
   a0380    a0380        0     1 PROVIDE ( UsageFault = DefaultHandler )
   a0380    a0380        0     1 PROVIDE ( SVCall = DefaultHandler )
   a0380    a0380        0     1 PROVIDE ( DebugMonitor = DefaultHandler )
   a0380    a0380        0     1 PROVIDE ( PendSV = DefaultHandler )
   a0380    a0380        0     1 PROVIDE ( SysTick = DefaultHandler )
   a0380    a0380        0     1 PROVIDE ( DefaultHandler = DefaultHandler_ )
   a0380    a0380        0     1 PROVIDE ( HardFault = HardFault_ )
   a0380    a0380        0     1 PROVIDE ( _stack_start = ORIGIN ( RAM ) + LENGTH ( RAM ) )
       0        0      240     4 .vector_table
       0        0        4     1         LONG ( _stack_start )
       4        4        4     4         /home/slee/work/rot/aspeed/aspeed-rust/target/thumbv7em-none-eabihf/debug/deps/libcortex_m_rt-348ca71bab08168b.rlib(cortex_m_rt-348ca71bab08168b.cortex_m_rt.b486df28fb30ab8a-cgu.0.rcgu.o):(.vector_table.reset_vector)
       4        4        4     1                 __RESET_VECTOR
       8        8        0     1         __reset_vector = .
       8        8       38     4         /home/slee/work/rot/aspeed/aspeed-rust/target/thumbv7em-none-eabihf/debug/deps/libcortex_m_rt-348ca71bab08168b.rlib(cortex_m_rt-348ca71bab08168b.cortex_m_rt.b486df28fb30ab8a-cgu.0.rcgu.o):(.vector_table.exceptions)
       8        8       38     1                 __EXCEPTIONS
      40       40        0     1         __eexceptions = .
      40       40      200     4         /home/slee/work/rot/aspeed/aspeed-rust/target/thumbv7em-none-eabihf/debug/deps/libast1060_pac-dfaf7d930f025a6e.rlib(ast1060_pac-dfaf7d930f025a6e.ast1060_pac.61251ec471e6e6c7-cgu.0.rcgu.o):(.vector_table.interrupts)
      40       40      200     1                 __INTERRUPTS
     420      420    127fc     4 .text
     420      420       4e     2         /home/slee/work/rot/aspeed/aspeed-rust/target/thumbv7em-none-eabihf/debug/deps/libcortex_m_rt-348ca71bab08168b.rlib(cortex_m_rt-348ca71bab08168b.cortex_m_rt.b486df28fb30ab8a-cgu.0.rcgu.o):(.Reset)
     420      420        0     1                 $t
     421      421       4e     1                 Reset
     46e      46e      4d4     2         /home/slee/work/rot/aspeed/aspeed-rust/target/thumbv7em-none-eabihf/debug/deps/aspeed_ddk-5c9206342b2fb78f.02udyknqbodzi5cxpvywbk32o.rcgu.o:(.text._ZN10aspeed_ddk3rsa18AspeedRsa$LT$D$GT$18aspeed_rsa_trigger17h43c6fc11240dced9E)
     46e      46e        0     1                 $t
     46f      46f      4d4     1                 aspeed_ddk::rsa::AspeedRsa$LT$D$GT$::aspeed_rsa_trigger::h43c6fc11240dced9
     942      942       36     2         /home/slee/work/rot/aspeed/aspeed-rust/target/thumbv7em-none-eabihf/debug/deps/aspeed_ddk-5c9206342b2fb78f.02udyknqbodzi5cxpvywbk32o.rcgu.o:(.text._ZN10aspeed_ddk3rsa18AspeedRsa$LT$D$GT$18aspeed_rsa_trigger28_$u7b$$u7b$closure$u7d$$u7d$17h41e391d9f4dc48deE)
     942      942        0     1                 $t
     943      943       36     1                 aspeed_ddk::rsa::AspeedRsa$LT$D$GT$::aspeed_rsa_trigger::_$u7b$$u7b$closure$u7d$$u7d$::h41e391d9f4dc48de
     978      978       3a     2         /home/slee/work/rot/aspeed/aspeed-rust/target/thumbv7em-none-eabihf/debug/deps/aspeed_ddk-5c9206342b2fb78f.02udyknqbodzi5cxpvywbk32o.rcgu.o:(.text._ZN10aspeed_ddk3rsa18AspeedRsa$LT$D$GT$18aspeed_rsa_trigger28_$u7b$$u7b$closure$u7d$$u7d$17h8895fbf5d4cbd35bE)
     978      978        0     1                 $t
     979      979       3a     1                 aspeed_ddk::rsa::AspeedRsa$LT$D$GT$::aspeed_rsa_trigger::_$u7b$$u7b$closure$u7d$$u7d$::h8895fbf5d4cbd35b
     9b2      9b2       1a     2         /home/slee/work/rot/aspeed/aspeed-rust/target/thumbv7em-none-eabihf/debug/deps/aspeed_ddk-5c9206342b2fb78f.02udyknqbodzi5cxpvywbk32o.rcgu.o:(.text._ZN10aspeed_ddk3rsa18AspeedRsa$LT$D$GT$18aspeed_rsa_trigger28_$u7b$$u7b$closure$u7d$$u7d$17hd06edba9c334f3e9E)
     9b2      9b2        0     1                 $t
     9b3      9b3       1a     1                 aspeed_ddk::rsa::AspeedRsa$LT$D$GT$::aspeed_rsa_trigger::_$u7b$$u7b$closure$u7d$$u7d$::hd06edba9c334f3e9
     9cc      9cc      36a     2         /home/slee/work/rot/aspeed/aspeed-rust/target/thumbv7em-none-eabihf/debug/deps/aspeed_ddk-5c9206342b2fb78f.02udyknqbodzi5cxpvywbk32o.rcgu.o:(.text._ZN10aspeed_ddk3rsa18AspeedRsa$LT$D$GT$22pkcs1_v1_5_pad_inplace17hcd076acc6ba97118E)
     9cc      9cc        0     1                 $t
     9cd      9cd      36a     1                 aspeed_ddk::rsa::AspeedRsa$LT$D$GT$::pkcs1_v1_5_pad_inplace::hcd076acc6ba97118
     d36      d36       1a     2         /home/slee/work/rot/aspeed/aspeed-rust/target/thumbv7em-none-eabihf/debug/deps/aspeed_ddk-5c9206342b2fb78f.02udyknqbodzi5cxpvywbk32o.rcgu.o:(.text._ZN10aspeed_ddk3rsa18AspeedRsa$LT$D$GT$3new17hd4015f01991c4c5cE)
     d36      d36        0     1                 $t
     d37      d37       1a     1                 aspeed_ddk::rsa::AspeedRsa$LT$D$GT$::new::hd4015f01991c4c5c
     d50      d50      378     2         /home/slee/work/rot/aspeed/aspeed-rust/target/thumbv7em-none-eabihf/debug/deps/aspeed_ddk-5c9206342b2fb78f.02udyknqbodzi5cxpvywbk32o.rcgu.o:(.text._ZN85_$LT$aspeed_ddk..rsa..AspeedRsa$LT$D$GT$$u20$as$u20$proposed_traits..rsa..RsaSign$GT$4sign17hfceb2ac7dcaa90bbE)
     d50      d50        0     1                 $t
     d51      d51      378     1                 _$LT$aspeed_ddk..rsa..AspeedRsa$LT$D$GT$$u20$as$u20$proposed_traits..rsa..RsaSign$GT$::sign::hfceb2ac7dcaa90bb
    10c8     10c8       14     2         /home/slee/work/rot/aspeed/aspeed-rust/target/thumbv7em-none-eabihf/debug/deps/aspeed_ddk-5c9206342b2fb78f.02udyknqbodzi5cxpvywbk32o.rcgu.o:(.text._ZN85_$LT$aspeed_ddk..rsa..AspeedRsa$LT$D$GT$$u20$as$u20$proposed_traits..rsa..RsaSign$GT$4sign28_$u7b$$u7b$closure$u7d$$u7d$17hc55c8febcde09b97E)
    10c8     10c8        0     1                 $t
    10c9     10c9       14     1                 _$LT$aspeed_ddk..rsa..AspeedRsa$LT$D$GT$$u20$as$u20$proposed_traits..rsa..RsaSign$GT$::sign::_$u7b$$u7b$closure$u7d$$u7d$::hc55c8febcde09b97
    10dc     10dc      2ec     2         /home/slee/work/rot/aspeed/aspeed-rust/target/thumbv7em-none-eabihf/debug/deps/aspeed_ddk-5c9206342b2fb78f.02udyknqbodzi5cxpvywbk32o.rcgu.o:(.text._ZN87_$LT$aspeed_ddk..rsa..AspeedRsa$LT$D$GT$$u20$as$u20$proposed_traits..rsa..RsaVerify$GT$6verify17h66ad89c584312a1eE)
    10dc     10dc        0     1                 $t
    10dd     10dd      2ec     1                 _$LT$aspeed_ddk..rsa..AspeedRsa$LT$D$GT$$u20$as$u20$proposed_traits..rsa..RsaVerify$GT$::verify::h66ad89c584312a1e
    13c8     13c8       1e     2         /home/slee/work/rot/aspeed/aspeed-rust/target/thumbv7em-none-eabihf/debug/deps/aspeed_ddk-5c9206342b2fb78f.059nzpfue7wipg2jq3ygmqs7x.rcgu.o:(.text._ZN4core3cmp5impls48_$LT$impl$u20$core..cmp..Ord$u20$for$u20$u32$GT$3cmp17hcd6344997d4936f9E)
    13c8     13c8        0     1                 $t
    13c9     13c9       1e     1                 core::cmp::impls::_$LT$impl$u20$core..cmp..Ord$u20$for$u20$u32$GT$::cmp::hcd6344997d4936f9
    13e6     13e6       1a     2         /home/slee/work/rot/aspeed/aspeed-rust/target/thumbv7em-none-eabihf/debug/deps/aspeed_ddk-5c9206342b2fb78f.0l322c93e5z5rt3yvu5nqqm1t.rcgu.o:(.text._ZN4core3ptr8non_null16NonNull$LT$T$GT$13new_unchecked17h12c87c8ea8a3938aE)
    13e6     13e6        0     1                 $t
    13e7     13e7       1a     1                 core::ptr::non_null::NonNull$LT$T$GT$::new_unchecked::h12c87c8ea8a3938a
    1400     1400       1a     2         /home/slee/work/rot/aspeed/aspeed-rust/target/thumbv7em-none-eabihf/debug/deps/aspeed_ddk-5c9206342b2fb78f.0l322c93e5z5rt3yvu5nqqm1t.rcgu.o:(.text._ZN4core3ptr8non_null16NonNull$LT$T$GT$13new_unchecked17h7fcc0002391c35b2E)
    1400     1400        0     1                 $t
    1401     1401       1a     1                 core::ptr::non_null::NonNull$LT$T$GT$::new_unchecked::h7fcc0002391c35b2
    141a     141a       1c     2         /home/slee/work/rot/aspeed/aspeed-rust/target/thumbv7em-none-eabihf/debug/deps/aspeed_ddk-5c9206342b2fb78f.0tmphrirq8uis52rgqreut8op.rcgu.o:(.text._ZN101_$LT$aspeed_ddk..syscon..SysCon$LT$D$GT$$u20$as$u20$proposed_traits..system_control..ResetControl$GT$14reset_deassert17h356ea6ce2c520443E)
    141a     141a        0     1                 $t
    141b     141b       1c     1                 _$LT$aspeed_ddk..syscon..SysCon$LT$D$GT$$u20$as$u20$proposed_traits..system_control..ResetControl$GT$::reset_deassert::h356ea6ce2c520443
    1436     1436      232     2         /home/slee/work/rot/aspeed/aspeed-rust/target/thumbv7em-none-eabihf/debug/deps/aspeed_ddk-5c9206342b2fb78f.0tmphrirq8uis52rgqreut8op.rcgu.o:(.text._ZN10aspeed_ddk6syscon15SysCon$LT$D$GT$12enable_clock17h8fc66f667ba4aecfE)
    1436     1436        0     1                 $t
    1437     1437      232     1                 aspeed_ddk::syscon::SysCon$LT$D$GT$::enable_clock::h8fc66f667ba4aecf
    1668     1668       3c     2         /home/slee/work/rot/aspeed/aspeed-rust/target/thumbv7em-none-eabihf/debug/deps/aspeed_ddk-5c9206342b2fb78f.0tmphrirq8uis52rgqreut8op.rcgu.o:(.text._ZN10aspeed_ddk6syscon15SysCon$LT$D$GT$12enable_clock28_$u7b$$u7b$closure$u7d$$u7d$17h2ce1813811a60ad4E)
    1668     1668        0     1                 $t
    1669     1669       3c     1                 aspeed_ddk::syscon::SysCon$LT$D$GT$::enable_clock::_$u7b$$u7b$closure$u7d$$u7d$::h2ce1813811a60ad4
    16a4     16a4       3c     2         /home/slee/work/rot/aspeed/aspeed-rust/target/thumbv7em-none-eabihf/debug/deps/aspeed_ddk-5c9206342b2fb78f.0tmphrirq8uis52rgqreut8op.rcgu.o:(.text._ZN10aspeed_ddk6syscon15SysCon$LT$D$GT$12enable_clock28_$u7b$$u7b$closure$u7d$$u7d$17h6e2a92211e1078bbE)
    16a4     16a4        0     1                 $t
    16a5     16a5       3c     1                 aspeed_ddk::syscon::SysCon$LT$D$GT$::enable_clock::_$u7b$$u7b$closure$u7d$$u7d$::h6e2a92211e1078bb
    16e0     16e0      1e2     2         /home/slee/work/rot/aspeed/aspeed-rust/target/thumbv7em-none-eabihf/debug/deps/aspeed_ddk-5c9206342b2fb78f.0tmphrirq8uis52rgqreut8op.rcgu.o:(.text._ZN10aspeed_ddk6syscon15SysCon$LT$D$GT$14reset_deassert17ha88c1fe2ea4c6b89E)
    16e0     16e0        0     1                 $t
    16e1     16e1      1e2     1                 aspeed_ddk::syscon::SysCon$LT$D$GT$::reset_deassert::ha88c1fe2ea4c6b89
    18c2     18c2       3c     2         /home/slee/work/rot/aspeed/aspeed-rust/target/thumbv7em-none-eabihf/debug/deps/aspeed_ddk-5c9206342b2fb78f.0tmphrirq8uis52rgqreut8op.rcgu.o:(.text._ZN10aspeed_ddk6syscon15SysCon$LT$D$GT$14reset_deassert28_$u7b$$u7b$closure$u7d$$u7d$17h324cd32569a78bcbE)
    18c2     18c2        0     1                 $t
    18c3     18c3       3c     1                 aspeed_ddk::syscon::SysCon$LT$D$GT$::reset_deassert::_$u7b$$u7b$closure$u7d$$u7d$::h324cd32569a78bcb
    18fe     18fe       3c     2         /home/slee/work/rot/aspeed/aspeed-rust/target/thumbv7em-none-eabihf/debug/deps/aspeed_ddk-5c9206342b2fb78f.0tmphrirq8uis52rgqreut8op.rcgu.o:(.text._ZN10aspeed_ddk6syscon15SysCon$LT$D$GT$14reset_deassert28_$u7b$$u7b$closure$u7d$$u7d$17hca78aeabec0201d3E)
    18fe     18fe        0     1                 $t
    18ff     18ff       3c     1                 aspeed_ddk::syscon::SysCon$LT$D$GT$::reset_deassert::_$u7b$$u7b$closure$u7d$$u7d$::hca78aeabec0201d3
    193a     193a        6     2         /home/slee/work/rot/aspeed/aspeed-rust/target/thumbv7em-none-eabihf/debug/deps/aspeed_ddk-5c9206342b2fb78f.0tmphrirq8uis52rgqreut8op.rcgu.o:(.text._ZN10aspeed_ddk6syscon15SysCon$LT$D$GT$3new17h8e8bbf0090722448E)
    193a     193a        0     1                 $t
    193b     193b        6     1                 aspeed_ddk::syscon::SysCon$LT$D$GT$::new::h8e8bbf0090722448
    1940     1940       70     2         /home/slee/work/rot/aspeed/aspeed-rust/target/thumbv7em-none-eabihf/debug/deps/aspeed_ddk-5c9206342b2fb78f.1962ajy3rlaxdw393k4evgb2o.rcgu.o:(.text._ZN187_$LT$core..iter..adapters..step_by..StepBy$LT$core..ops..range..Range$LT$usize$GT$$GT$$u20$as$u20$core..iter..adapters..step_by..StepByImpl$LT$core..ops..range..Range$LT$usize$GT$$GT$$GT$9spec_next17h467eb35197cf338aE)
    1940     1940        0     1                 $t
    1941     1941       70     1                 _$LT$core..iter..adapters..step_by..StepBy$LT$core..ops..range..Range$LT$usize$GT$$GT$$u20$as$u20$core..iter..adapters..step_by..StepByImpl$LT$core..ops..range..Range$LT$usize$GT$$GT$$GT$::spec_next::h467eb35197cf338a
    19b0     19b0        6     2         /home/slee/work/rot/aspeed/aspeed-rust/target/thumbv7em-none-eabihf/debug/deps/aspeed_ddk-5c9206342b2fb78f.1crpwourgwv0qvf5pqwpqyu1b.rcgu.o:(.text._ZN11ast1060_pac7generic8mask_u3217h06e479d5d0b6b18cE)
    19b0     19b0        0     1                 $t
    19b1     19b1        6     1                 ast1060_pac::generic::mask_u32::h06e479d5d0b6b18c
    19b6     19b6        6     2         /home/slee/work/rot/aspeed/aspeed-rust/target/thumbv7em-none-eabihf/debug/deps/aspeed_ddk-5c9206342b2fb78f.1crpwourgwv0qvf5pqwpqyu1b.rcgu.o:(.text._ZN11ast1060_pac7generic8mask_u3217h5554573954dc7006E)
    19b6     19b6        0     1                 $t
    19b7     19b7        6     1                 ast1060_pac::generic::mask_u32::h5554573954dc7006
    19bc     19bc       10     2         /home/slee/work/rot/aspeed/aspeed-rust/target/thumbv7em-none-eabihf/debug/deps/aspeed_ddk-5c9206342b2fb78f.208s32qa9jqsx7vhjbpvtdhuy.rcgu.o:(.text._ZN4core3num21_$LT$impl$u20$u32$GT$13from_le_bytes17h53d105488a3e01ccE)
    19bc     19bc        0     1                 $t
    19bd     19bd       10     1                 core::num::_$LT$impl$u20$u32$GT$::from_le_bytes::h53d105488a3e01cc
    19cc     19cc       32     2         /home/slee/work/rot/aspeed/aspeed-rust/target/thumbv7em-none-eabihf/debug/deps/aspeed_ddk-5c9206342b2fb78f.208s32qa9jqsx7vhjbpvtdhuy.rcgu.o:(.text._ZN4core3num23_$LT$impl$u20$usize$GT$13unchecked_sub18precondition_check17h119a9e1fd78a3157E)
    19cc     19cc        0     1                 $t
    19cd     19cd       32     1                 core::num::_$LT$impl$u20$usize$GT$::unchecked_sub::precondition_check::h119a9e1fd78a3157
    19fe     19fe       62     2         /home/slee/work/rot/aspeed/aspeed-rust/target/thumbv7em-none-eabihf/debug/deps/aspeed_ddk-5c9206342b2fb78f.2vqf19tamqs9br4ltitwod1hp.rcgu.o:(.text._ZN110_$LT$core..iter..adapters..enumerate..Enumerate$LT$I$GT$$u20$as$u20$core..iter..traits..iterator..Iterator$GT$4next17h7f15be551d22190dE)
    19fe     19fe        0     1                 $t
    19ff     19ff       62     1                 _$LT$core..iter..adapters..enumerate..Enumerate$LT$I$GT$$u20$as$u20$core..iter..traits..iterator..Iterator$GT$::next::h7f15be551d22190d
    1a60     1a60       62     2         /home/slee/work/rot/aspeed/aspeed-rust/target/thumbv7em-none-eabihf/debug/deps/aspeed_ddk-5c9206342b2fb78f.2vqf19tamqs9br4ltitwod1hp.rcgu.o:(.text._ZN110_$LT$core..iter..adapters..enumerate..Enumerate$LT$I$GT$$u20$as$u20$core..iter..traits..iterator..Iterator$GT$4next17hb7ff034e8cd7acecE)
    1a60     1a60        0     1                 $t
    1a61     1a61       62     1                 _$LT$core..iter..adapters..enumerate..Enumerate$LT$I$GT$$u20$as$u20$core..iter..traits..iterator..Iterator$GT$::next::hb7ff034e8cd7acec
    1ac2     1ac2       12     2         /home/slee/work/rot/aspeed/aspeed-rust/target/thumbv7em-none-eabihf/debug/deps/aspeed_ddk-5c9206342b2fb78f.2vqf19tamqs9br4ltitwod1hp.rcgu.o:(.text._ZN63_$LT$I$u20$as$u20$core..iter..traits..collect..IntoIterator$GT$9into_iter17hb860ab70a411d322E)
    1ac2     1ac2        0     1                 $t
    1ac3     1ac3       12     1                 _$LT$I$u20$as$u20$core..iter..traits..collect..IntoIterator$GT$::into_iter::hb860ab70a411d322
    1ad4     1ad4       12     2         /home/slee/work/rot/aspeed/aspeed-rust/target/thumbv7em-none-eabihf/debug/deps/aspeed_ddk-5c9206342b2fb78f.2vqf19tamqs9br4ltitwod1hp.rcgu.o:(.text._ZN63_$LT$I$u20$as$u20$core..iter..traits..collect..IntoIterator$GT$9into_iter17hc70cbe3661850128E)
    1ad4     1ad4        0     1                 $t
    1ad5     1ad5       12     1                 _$LT$I$u20$as$u20$core..iter..traits..collect..IntoIterator$GT$::into_iter::hc70cbe3661850128
    1ae6     1ae6       12     2         /home/slee/work/rot/aspeed/aspeed-rust/target/thumbv7em-none-eabihf/debug/deps/aspeed_ddk-5c9206342b2fb78f.3devs3mxzquczazpu053tixkg.rcgu.o:(.text._ZN4core5slice29_$LT$impl$u20$$u5b$T$u5d$$GT$4iter17hdcc881a7d94cd509E)
    1ae6     1ae6        0     1                 $t
    1ae7     1ae7       12     1                 core::slice::_$LT$impl$u20$$u5b$T$u5d$$GT$::iter::hdcc881a7d94cd509
    1af8     1af8       70     2         /home/slee/work/rot/aspeed/aspeed-rust/target/thumbv7em-none-eabihf/debug/deps/aspeed_ddk-5c9206342b2fb78f.3k2sbz9ufrreyzs58cah6zj45.rcgu.o:(.text._ZN4core4iter5range101_$LT$impl$u20$core..iter..traits..iterator..Iterator$u20$for$u20$core..ops..range..Range$LT$A$GT$$GT$9size_hint17h5d854e15378ed77dE)
    1af8     1af8        0     1                 $t
    1af9     1af9       70     1                 core::iter::range::_$LT$impl$u20$core..iter..traits..iterator..Iterator$u20$for$u20$core..ops..range..Range$LT$A$GT$$GT$::size_hint::h5d854e15378ed77d
    1b68     1b68       10     2         /home/slee/work/rot/aspeed/aspeed-rust/target/thumbv7em-none-eabihf/debug/deps/aspeed_ddk-5c9206342b2fb78f.3k2sbz9ufrreyzs58cah6zj45.rcgu.o:(.text._ZN4core4iter5range116_$LT$impl$u20$core..iter..traits..double_ended..DoubleEndedIterator$u20$for$u20$core..ops..range..Range$LT$A$GT$$GT$9next_back17h1caae5d6675e28b6E)
    1b68     1b68        0     1                 $t
    1b69     1b69       10     1                 core::iter::range::_$LT$impl$u20$core..iter..traits..double_ended..DoubleEndedIterator$u20$for$u20$core..ops..range..Range$LT$A$GT$$GT$::next_back::h1caae5d6675e28b6
    1b78     1b78        a     2         /home/slee/work/rot/aspeed/aspeed-rust/target/thumbv7em-none-eabihf/debug/deps/aspeed_ddk-5c9206342b2fb78f.3k2sbz9ufrreyzs58cah6zj45.rcgu.o:(.text._ZN4core4iter6traits8iterator8Iterator3rev17h46559cce880e3c1aE)
    1b78     1b78        0     1                 $t
    1b79     1b79        a     1                 core::iter::traits::iterator::Iterator::rev::h46559cce880e3c1a
    1b82     1b82       14     2         /home/slee/work/rot/aspeed/aspeed-rust/target/thumbv7em-none-eabihf/debug/deps/aspeed_ddk-5c9206342b2fb78f.3k2sbz9ufrreyzs58cah6zj45.rcgu.o:(.text._ZN4core4iter6traits8iterator8Iterator7step_by17h71af08630f32a8f6E)
    1b82     1b82        0     1                 $t
    1b83     1b83       14     1                 core::iter::traits::iterator::Iterator::step_by::h71af08630f32a8f6
    1b96     1b96       46     2         /home/slee/work/rot/aspeed/aspeed-rust/target/thumbv7em-none-eabihf/debug/deps/aspeed_ddk-5c9206342b2fb78f.3k2sbz9ufrreyzs58cah6zj45.rcgu.o:(.text._ZN89_$LT$core..ops..range..Range$LT$T$GT$$u20$as$u20$core..iter..range..RangeIteratorImpl$GT$14spec_next_back17h9fa259fcda6e3aa0E)
    1b96     1b96        0     1                 $t
    1b97     1b97       46     1                 _$LT$core..ops..range..Range$LT$T$GT$$u20$as$u20$core..iter..range..RangeIteratorImpl$GT$::spec_next_back::h9fa259fcda6e3aa0
    1bdc     1bdc       7c     4         /home/slee/work/rot/aspeed/aspeed-rust/target/thumbv7em-none-eabihf/debug/deps/aspeed_ddk-5c9206342b2fb78f.3z95ywhb2n7ppdpypyy795sal.rcgu.o:(.text._ZN69_$LT$aspeed_ddk..uart..Uart16550Error$u20$as$u20$core..fmt..Debug$GT$3fmt17h10a1e76d437a4e02E)
    1bdc     1bdc        0     1                 $t
    1bdd     1bdd       7c     1                 _$LT$aspeed_ddk..uart..Uart16550Error$u20$as$u20$core..fmt..Debug$GT$::fmt::h10a1e76d437a4e02
    1bf2     1bf2        0     1                 $d
    1bf8     1bf8        0     1                 $t
    1c58     1c58       18     2         /home/slee/work/rot/aspeed/aspeed-rust/target/thumbv7em-none-eabihf/debug/deps/aspeed_ddk-5c9206342b2fb78f.4z2dp83foyxg3u5h3135x42qw.rcgu.o:(.text._ZN5fugit8duration27Duration$LT$u32$C$_$C$_$GT$10from_ticks17he51a949e40c3f561E)
    1c58     1c58        0     1                 $t
    1c59     1c59       18     1                 fugit::duration::Duration$LT$u32$C$_$C$_$GT$::from_ticks::he51a949e40c3f561
    1c70     1c70       26     2         /home/slee/work/rot/aspeed/aspeed-rust/target/thumbv7em-none-eabihf/debug/deps/aspeed_ddk-5c9206342b2fb78f.4z2dp83foyxg3u5h3135x42qw.rcgu.o:(.text._ZN5fugit8duration27Duration$LT$u32$C$_$C$_$GT$6millis17h5afa341f7f75fd97E)
    1c70     1c70        0     1                 $t
    1c71     1c71       26     1                 fugit::duration::Duration$LT$u32$C$_$C$_$GT$::millis::h5afa341f7f75fd97
    1c96     1c96       24     2         /home/slee/work/rot/aspeed/aspeed-rust/target/thumbv7em-none-eabihf/debug/deps/aspeed_ddk-5c9206342b2fb78f.4z2dp83foyxg3u5h3135x42qw.rcgu.o:(.text._ZN5fugit8duration27Duration$LT$u32$C$_$C$_$GT$9to_millis17h5c6363644745ceb3E)
    1c96     1c96        0     1                 $t
    1c97     1c97       24     1                 fugit::duration::Duration$LT$u32$C$_$C$_$GT$::to_millis::h5c6363644745ceb3
    1cba     1cba       12     2         /home/slee/work/rot/aspeed/aspeed-rust/target/thumbv7em-none-eabihf/debug/deps/aspeed_ddk-5c9206342b2fb78f.5o05zkf2hjvfxjflbrawdzvtg.rcgu.o:(.text._ZN53_$LT$T$u20$as$u20$core..convert..TryInto$LT$U$GT$$GT$8try_into17hdc239f2c785094f6E)
    1cba     1cba        0     1                 $t
    1cbb     1cbb       12     1                 _$LT$T$u20$as$u20$core..convert..TryInto$LT$U$GT$$GT$::try_into::hdc239f2c785094f6
    1ccc     1ccc       1a     2         /home/slee/work/rot/aspeed/aspeed-rust/target/thumbv7em-none-eabihf/debug/deps/aspeed_ddk-5c9206342b2fb78f.5rkjg41i84u53fwr6gdhquo1q.rcgu.o:(.text._ZN4core5slice3cmp81_$LT$impl$u20$core..cmp..PartialEq$LT$$u5b$U$u5d$$GT$$u20$for$u20$$u5b$T$u5d$$GT$2ne17h3c69997289d74f7bE)
    1ccc     1ccc        0     1                 $t
    1ccd     1ccd       1a     1                 core::slice::cmp::_$LT$impl$u20$core..cmp..PartialEq$LT$$u5b$U$u5d$$GT$$u20$for$u20$$u5b$T$u5d$$GT$::ne::h3c69997289d74f7b
    1ce6     1ce6       10     2         /home/slee/work/rot/aspeed/aspeed-rust/target/thumbv7em-none-eabihf/debug/deps/aspeed_ddk-5c9206342b2fb78f.61eff24f6jtxsmfn08htibntk.rcgu.o:(.text._ZN105_$LT$core..iter..adapters..step_by..StepBy$LT$I$GT$$u20$as$u20$core..iter..traits..iterator..Iterator$GT$4next17h846a6a7f8fc61380E)
    1ce6     1ce6        0     1                 $t
    1ce7     1ce7       10     1                 _$LT$core..iter..adapters..step_by..StepBy$LT$I$GT$$u20$as$u20$core..iter..traits..iterator..Iterator$GT$::next::h846a6a7f8fc61380
    1cf6     1cf6       54     2         /home/slee/work/rot/aspeed/aspeed-rust/target/thumbv7em-none-eabihf/debug/deps/aspeed_ddk-5c9206342b2fb78f.61eff24f6jtxsmfn08htibntk.rcgu.o:(.text._ZN4core4iter8adapters7step_by15StepBy$LT$I$GT$3new17ha72605f4a5e36fffE)
    1cf6     1cf6        0     1                 $t
    1cf7     1cf7       54     1                 core::iter::adapters::step_by::StepBy$LT$I$GT$::new::ha72605f4a5e36fff
    1d4a     1d4a       20     2         /home/slee/work/rot/aspeed/aspeed-rust/target/thumbv7em-none-eabihf/debug/deps/aspeed_ddk-5c9206342b2fb78f.61eff24f6jtxsmfn08htibntk.rcgu.o:(.text._ZN63_$LT$I$u20$as$u20$core..iter..traits..collect..IntoIterator$GT$9into_iter17hf126f36931102270E)
    1d4a     1d4a        0     1                 $t
    1d4b     1d4b       20     1                 _$LT$I$u20$as$u20$core..iter..traits..collect..IntoIterator$GT$::into_iter::hf126f36931102270
    1d6a     1d6a       22     2         /home/slee/work/rot/aspeed/aspeed-rust/target/thumbv7em-none-eabihf/debug/deps/aspeed_ddk-5c9206342b2fb78f.64yu69zoex8wxh7tftm1mbasx.rcgu.o:(.text._ZN4core3ptr8non_null16NonNull$LT$T$GT$13new_unchecked18precondition_check17h8fbf55730caaa678E)
    1d6a     1d6a        0     1                 $t
    1d6b     1d6b       22     1                 core::ptr::non_null::NonNull$LT$T$GT$::new_unchecked::precondition_check::h8fbf55730caaa678
    1d8c     1d8c       22     2         /home/slee/work/rot/aspeed/aspeed-rust/target/thumbv7em-none-eabihf/debug/deps/aspeed_ddk-5c9206342b2fb78f.68wvtbemixq4j2xugscxvge3f.rcgu.o:(.text._ZN4core5array102_$LT$impl$u20$core..convert..TryFrom$LT$$RF$$u5b$T$u5d$$GT$$u20$for$u20$$RF$$u5b$T$u3b$$u20$N$u5d$$GT$8try_from17h3041a9eb5be2183aE)
    1d8c     1d8c        0     1                 $t
    1d8d     1d8d       22     1                 core::array::_$LT$impl$u20$core..convert..TryFrom$LT$$RF$$u5b$T$u5d$$GT$$u20$for$u20$$RF$$u5b$T$u3b$$u20$N$u5d$$GT$::try_from::h3041a9eb5be2183a
    1dae     1dae       74     2         /home/slee/work/rot/aspeed/aspeed-rust/target/thumbv7em-none-eabihf/debug/deps/aspeed_ddk-5c9206342b2fb78f.68wvtbemixq4j2xugscxvge3f.rcgu.o:(.text._ZN4core5array85_$LT$impl$u20$core..ops..index..Index$LT$I$GT$$u20$for$u20$$u5b$T$u3b$$u20$N$u5d$$GT$5index17h03308b3e0327b597E)
    1dae     1dae        0     1                 $t
    1daf     1daf       74     1                 core::array::_$LT$impl$u20$core..ops..index..Index$LT$I$GT$$u20$for$u20$$u5b$T$u3b$$u20$N$u5d$$GT$::index::h03308b3e0327b597
    1e22     1e22       56     2         /home/slee/work/rot/aspeed/aspeed-rust/target/thumbv7em-none-eabihf/debug/deps/aspeed_ddk-5c9206342b2fb78f.68wvtbemixq4j2xugscxvge3f.rcgu.o:(.text._ZN4core5array85_$LT$impl$u20$core..ops..index..Index$LT$I$GT$$u20$for$u20$$u5b$T$u3b$$u20$N$u5d$$GT$5index17h5b85bc5a598efd27E)
    1e22     1e22        0     1                 $t
    1e23     1e23       56     1                 core::array::_$LT$impl$u20$core..ops..index..Index$LT$I$GT$$u20$for$u20$$u5b$T$u3b$$u20$N$u5d$$GT$::index::h5b85bc5a598efd27
    1e78     1e78       5c     2         /home/slee/work/rot/aspeed/aspeed-rust/target/thumbv7em-none-eabihf/debug/deps/aspeed_ddk-5c9206342b2fb78f.68wvtbemixq4j2xugscxvge3f.rcgu.o:(.text._ZN4core5array85_$LT$impl$u20$core..ops..index..Index$LT$I$GT$$u20$for$u20$$u5b$T$u3b$$u20$N$u5d$$GT$5index17hd302fa850818499dE)
    1e78     1e78        0     1                 $t
    1e79     1e79       5c     1                 core::array::_$LT$impl$u20$core..ops..index..Index$LT$I$GT$$u20$for$u20$$u5b$T$u3b$$u20$N$u5d$$GT$::index::hd302fa850818499d
    1ed4     1ed4       24     2         /home/slee/work/rot/aspeed/aspeed-rust/target/thumbv7em-none-eabihf/debug/deps/aspeed_ddk-5c9206342b2fb78f.68wvtbemixq4j2xugscxvge3f.rcgu.o:(.text._ZN4core5array88_$LT$impl$u20$core..ops..index..IndexMut$LT$I$GT$$u20$for$u20$$u5b$T$u3b$$u20$N$u5d$$GT$9index_mut17h9773189df87ed74dE)
    1ed4     1ed4        0     1                 $t
    1ed5     1ed5       24     1                 core::array::_$LT$impl$u20$core..ops..index..IndexMut$LT$I$GT$$u20$for$u20$$u5b$T$u3b$$u20$N$u5d$$GT$::index_mut::h9773189df87ed74d
    1ef8     1ef8       4e     2         /home/slee/work/rot/aspeed/aspeed-rust/target/thumbv7em-none-eabihf/debug/deps/aspeed_ddk-5c9206342b2fb78f.6j5m6nnsiqur54nj515q7ttnh.rcgu.o:(.text._ZN4core3fmt8builders9DebugList7entries17hff560c78646a8209E)
    1ef8     1ef8        0     1                 $t
    1ef9     1ef9       4e     1                 core::fmt::builders::DebugList::entries::hff560c78646a8209
    1f46     1f46       a6     2         /home/slee/work/rot/aspeed/aspeed-rust/target/thumbv7em-none-eabihf/debug/deps/aspeed_ddk-5c9206342b2fb78f.6k0zmnasw7ett1w7jm56hx91x.rcgu.o:(.text._ZN10aspeed_ddk5ecdsa20AspeedEcdsa$LT$D$GT$10load_param17h071780082915c604E)
    1f46     1f46        0     1                 $t
    1f47     1f47       a6     1                 aspeed_ddk::ecdsa::AspeedEcdsa$LT$D$GT$::load_param::h071780082915c604
    1fec     1fec       2a     2         /home/slee/work/rot/aspeed/aspeed-rust/target/thumbv7em-none-eabihf/debug/deps/aspeed_ddk-5c9206342b2fb78f.6k0zmnasw7ett1w7jm56hx91x.rcgu.o:(.text._ZN10aspeed_ddk5ecdsa20AspeedEcdsa$LT$D$GT$11sram_wr_u3217h7237eaf5f48cba5bE)
    1fec     1fec        0     1                 $t
    1fed     1fed       2a     1                 aspeed_ddk::ecdsa::AspeedEcdsa$LT$D$GT$::sram_wr_u32::h7237eaf5f48cba5b
    2016     2016       a6     2         /home/slee/work/rot/aspeed/aspeed-rust/target/thumbv7em-none-eabihf/debug/deps/aspeed_ddk-5c9206342b2fb78f.6k0zmnasw7ett1w7jm56hx91x.rcgu.o:(.text._ZN10aspeed_ddk5ecdsa20AspeedEcdsa$LT$D$GT$21load_secp384r1_params17h4c662170b6482338E)
    2016     2016        0     1                 $t
    2017     2017       a6     1                 aspeed_ddk::ecdsa::AspeedEcdsa$LT$D$GT$::load_secp384r1_params::h4c662170b6482338
    20bc     20bc       36     2         /home/slee/work/rot/aspeed/aspeed-rust/target/thumbv7em-none-eabihf/debug/deps/aspeed_ddk-5c9206342b2fb78f.6k0zmnasw7ett1w7jm56hx91x.rcgu.o:(.text._ZN10aspeed_ddk5ecdsa20AspeedEcdsa$LT$D$GT$3new17h55a89caaecdde5a1E)
    20bc     20bc        0     1                 $t
    20bd     20bd       36     1                 aspeed_ddk::ecdsa::AspeedEcdsa$LT$D$GT$::new::h55a89caaecdde5a1
    20f2     20f2       22     2         /home/slee/work/rot/aspeed/aspeed-rust/target/thumbv7em-none-eabihf/debug/deps/aspeed_ddk-5c9206342b2fb78f.6k0zmnasw7ett1w7jm56hx91x.rcgu.o:(.text._ZN10aspeed_ddk5ecdsa20AspeedEcdsa$LT$D$GT$6sec_rd17h9137e2ae3527773eE)
    20f2     20f2        0     1                 $t
    20f3     20f3       22     1                 aspeed_ddk::ecdsa::AspeedEcdsa$LT$D$GT$::sec_rd::h9137e2ae3527773e
    2114     2114       2a     2         /home/slee/work/rot/aspeed/aspeed-rust/target/thumbv7em-none-eabihf/debug/deps/aspeed_ddk-5c9206342b2fb78f.6k0zmnasw7ett1w7jm56hx91x.rcgu.o:(.text._ZN10aspeed_ddk5ecdsa20AspeedEcdsa$LT$D$GT$6sec_wr17h590378261b41fb61E)
    2114     2114        0     1                 $t
    2115     2115       2a     1                 aspeed_ddk::ecdsa::AspeedEcdsa$LT$D$GT$::sec_wr::h590378261b41fb61
    213e     213e      186     2         /home/slee/work/rot/aspeed/aspeed-rust/target/thumbv7em-none-eabihf/debug/deps/aspeed_ddk-5c9206342b2fb78f.6k0zmnasw7ett1w7jm56hx91x.rcgu.o:(.text._ZN10aspeed_ddk5ecdsa20AspeedEcdsa$LT$D$GT$7sram_wr17h67c546b355554685E)
    213e     213e        0     1                 $t
    213f     213f      186     1                 aspeed_ddk::ecdsa::AspeedEcdsa$LT$D$GT$::sram_wr::h67c546b355554685
    22c4     22c4      2d2     2         /home/slee/work/rot/aspeed/aspeed-rust/target/thumbv7em-none-eabihf/debug/deps/aspeed_ddk-5c9206342b2fb78f.6k0zmnasw7ett1w7jm56hx91x.rcgu.o:(.text._ZN136_$LT$aspeed_ddk..ecdsa..AspeedEcdsa$LT$D$GT$$u20$as$u20$proposed_traits..ecdsa..EcdsaVerify$LT$aspeed_ddk..ecdsa..Secp384r1Curve$GT$$GT$6verify17h34132f14deb6b3edE)
    22c4     22c4        0     1                 $t
    22c5     22c5      2d2     1                 _$LT$aspeed_ddk..ecdsa..AspeedEcdsa$LT$D$GT$$u20$as$u20$proposed_traits..ecdsa..EcdsaVerify$LT$aspeed_ddk..ecdsa..Secp384r1Curve$GT$$GT$::verify::h34132f14deb6b3ed
    2596     2596       10     2         /home/slee/work/rot/aspeed/aspeed-rust/target/thumbv7em-none-eabihf/debug/deps/aspeed_ddk-5c9206342b2fb78f.6k0zmnasw7ett1w7jm56hx91x.rcgu.o:(.text._ZN136_$LT$aspeed_ddk..ecdsa..AspeedEcdsa$LT$D$GT$$u20$as$u20$proposed_traits..ecdsa..EcdsaVerify$LT$aspeed_ddk..ecdsa..Secp384r1Curve$GT$$GT$6verify28_$u7b$$u7b$closure$u7d$$u7d$17h0e831e0e8a05238fE)
    2596     2596        0     1                 $t
    2597     2597       10     1                 _$LT$aspeed_ddk..ecdsa..AspeedEcdsa$LT$D$GT$$u20$as$u20$proposed_traits..ecdsa..EcdsaVerify$LT$aspeed_ddk..ecdsa..Secp384r1Curve$GT$$GT$::verify::_$u7b$$u7b$closure$u7d$$u7d$::h0e831e0e8a05238f
    25a6     25a6       38     2         /home/slee/work/rot/aspeed/aspeed-rust/target/thumbv7em-none-eabihf/debug/deps/aspeed_ddk-5c9206342b2fb78f.6k0zmnasw7ett1w7jm56hx91x.rcgu.o:(.text._ZN136_$LT$aspeed_ddk..ecdsa..AspeedEcdsa$LT$D$GT$$u20$as$u20$proposed_traits..ecdsa..EcdsaVerify$LT$aspeed_ddk..ecdsa..Secp384r1Curve$GT$$GT$6verify28_$u7b$$u7b$closure$u7d$$u7d$17h8714a399d42f57a5E)
    25a6     25a6        0     1                 $t
    25a7     25a7       38     1                 _$LT$aspeed_ddk..ecdsa..AspeedEcdsa$LT$D$GT$$u20$as$u20$proposed_traits..ecdsa..EcdsaVerify$LT$aspeed_ddk..ecdsa..Secp384r1Curve$GT$$GT$::verify::_$u7b$$u7b$closure$u7d$$u7d$::h8714a399d42f57a5
    25de     25de       10     2         /home/slee/work/rot/aspeed/aspeed-rust/target/thumbv7em-none-eabihf/debug/deps/aspeed_ddk-5c9206342b2fb78f.6k0zmnasw7ett1w7jm56hx91x.rcgu.o:(.text._ZN136_$LT$aspeed_ddk..ecdsa..AspeedEcdsa$LT$D$GT$$u20$as$u20$proposed_traits..ecdsa..EcdsaVerify$LT$aspeed_ddk..ecdsa..Secp384r1Curve$GT$$GT$6verify28_$u7b$$u7b$closure$u7d$$u7d$17h9f669e3b067240c5E)
    25de     25de        0     1                 $t
    25df     25df       10     1                 _$LT$aspeed_ddk..ecdsa..AspeedEcdsa$LT$D$GT$$u20$as$u20$proposed_traits..ecdsa..EcdsaVerify$LT$aspeed_ddk..ecdsa..Secp384r1Curve$GT$$GT$::verify::_$u7b$$u7b$closure$u7d$$u7d$::h9f669e3b067240c5
    25ee     25ee       34     2         /home/slee/work/rot/aspeed/aspeed-rust/target/thumbv7em-none-eabihf/debug/deps/aspeed_ddk-5c9206342b2fb78f.6k0zmnasw7ett1w7jm56hx91x.rcgu.o:(.text._ZN136_$LT$aspeed_ddk..ecdsa..AspeedEcdsa$LT$D$GT$$u20$as$u20$proposed_traits..ecdsa..EcdsaVerify$LT$aspeed_ddk..ecdsa..Secp384r1Curve$GT$$GT$6verify28_$u7b$$u7b$closure$u7d$$u7d$17ha1bed1fea1e04e07E)
    25ee     25ee        0     1                 $t
    25ef     25ef       34     1                 _$LT$aspeed_ddk..ecdsa..AspeedEcdsa$LT$D$GT$$u20$as$u20$proposed_traits..ecdsa..EcdsaVerify$LT$aspeed_ddk..ecdsa..Secp384r1Curve$GT$$GT$::verify::_$u7b$$u7b$closure$u7d$$u7d$::ha1bed1fea1e04e07
    2622     2622       36     2         /home/slee/work/rot/aspeed/aspeed-rust/target/thumbv7em-none-eabihf/debug/deps/aspeed_ddk-5c9206342b2fb78f.6k0zmnasw7ett1w7jm56hx91x.rcgu.o:(.text._ZN136_$LT$aspeed_ddk..ecdsa..AspeedEcdsa$LT$D$GT$$u20$as$u20$proposed_traits..ecdsa..EcdsaVerify$LT$aspeed_ddk..ecdsa..Secp384r1Curve$GT$$GT$6verify28_$u7b$$u7b$closure$u7d$$u7d$17hcd967ef94584b527E)
    2622     2622        0     1                 $t
    2623     2623       36     1                 _$LT$aspeed_ddk..ecdsa..AspeedEcdsa$LT$D$GT$$u20$as$u20$proposed_traits..ecdsa..EcdsaVerify$LT$aspeed_ddk..ecdsa..Secp384r1Curve$GT$$GT$::verify::_$u7b$$u7b$closure$u7d$$u7d$::hcd967ef94584b527
    2658     2658       14     2         /home/slee/work/rot/aspeed/aspeed-rust/target/thumbv7em-none-eabihf/debug/deps/aspeed_ddk-5c9206342b2fb78f.6k0zmnasw7ett1w7jm56hx91x.rcgu.o:(.text._ZN42_$LT$$RF$T$u20$as$u20$core..fmt..Debug$GT$3fmt17ha6466a7ca835dd79E)
    2658     2658        0     1                 $t
    2659     2659       14     1                 _$LT$$RF$T$u20$as$u20$core..fmt..Debug$GT$::fmt::ha6466a7ca835dd79
    266c     266c       c4     2         /home/slee/work/rot/aspeed/aspeed-rust/target/thumbv7em-none-eabihf/debug/deps/aspeed_ddk-5c9206342b2fb78f.7ajix6ki5lcubmw6cmq6z901b.rcgu.o:(.text._ZN4core5slice29_$LT$impl$u20$$u5b$T$u5d$$GT$11copy_within17h3a0599755904641fE)
    266c     266c        0     1                 $t
    266d     266d       c4     1                 core::slice::_$LT$impl$u20$$u5b$T$u5d$$GT$::copy_within::h3a0599755904641f
    2730     2730       18     2         /home/slee/work/rot/aspeed/aspeed-rust/target/thumbv7em-none-eabihf/debug/deps/aspeed_ddk-5c9206342b2fb78f.7owyt0cfaiumt8a8dsqmgw20p.rcgu.o:(.text._ZN4core4iter6traits8iterator8Iterator9enumerate17h2609a95bc3d7e1daE)
    2730     2730        0     1                 $t
    2731     2731       18     1                 core::iter::traits::iterator::Iterator::enumerate::h2609a95bc3d7e1da
    2748     2748       18     2         /home/slee/work/rot/aspeed/aspeed-rust/target/thumbv7em-none-eabihf/debug/deps/aspeed_ddk-5c9206342b2fb78f.7owyt0cfaiumt8a8dsqmgw20p.rcgu.o:(.text._ZN4core4iter6traits8iterator8Iterator9enumerate17ha1d37a6b37afa626E)
    2748     2748        0     1                 $t
    2749     2749       18     1                 core::iter::traits::iterator::Iterator::enumerate::ha1d37a6b37afa626
    2760     2760       2c     2         /home/slee/work/rot/aspeed/aspeed-rust/target/thumbv7em-none-eabihf/debug/deps/aspeed_ddk-5c9206342b2fb78f.7owyt0cfaiumt8a8dsqmgw20p.rcgu.o:(.text._ZN4core5slice4iter13Iter$LT$T$GT$3new17h075a1cb2e66c63f4E)
    2760     2760        0     1                 $t
    2761     2761       2c     1                 core::slice::iter::Iter$LT$T$GT$::new::h075a1cb2e66c63f4
    278c     278c       2e     2         /home/slee/work/rot/aspeed/aspeed-rust/target/thumbv7em-none-eabihf/debug/deps/aspeed_ddk-5c9206342b2fb78f.7owyt0cfaiumt8a8dsqmgw20p.rcgu.o:(.text._ZN4core5slice4iter13Iter$LT$T$GT$3new17h2d25b2a19370af69E)
    278c     278c        0     1                 $t
    278d     278d       2e     1                 core::slice::iter::Iter$LT$T$GT$::new::h2d25b2a19370af69
    27ba     27ba        a     2         /home/slee/work/rot/aspeed/aspeed-rust/target/thumbv7em-none-eabihf/debug/deps/aspeed_ddk-5c9206342b2fb78f.7owyt0cfaiumt8a8dsqmgw20p.rcgu.o:(.text._ZN63_$LT$I$u20$as$u20$core..iter..traits..collect..IntoIterator$GT$9into_iter17h76fdacef6b8a65dbE)
    27ba     27ba        0     1                 $t
    27bb     27bb        a     1                 _$LT$I$u20$as$u20$core..iter..traits..collect..IntoIterator$GT$::into_iter::h76fdacef6b8a65db
    27c4     27c4       6e     2         /home/slee/work/rot/aspeed/aspeed-rust/target/thumbv7em-none-eabihf/debug/deps/aspeed_ddk-5c9206342b2fb78f.7owyt0cfaiumt8a8dsqmgw20p.rcgu.o:(.text._ZN91_$LT$core..slice..iter..Iter$LT$T$GT$$u20$as$u20$core..iter..traits..iterator..Iterator$GT$4next17h07dded08e526f54eE)
    27c4     27c4        0     1                 $t
    27c5     27c5       6e     1                 _$LT$core..slice..iter..Iter$LT$T$GT$$u20$as$u20$core..iter..traits..iterator..Iterator$GT$::next::h07dded08e526f54e
    2832     2832       6e     2         /home/slee/work/rot/aspeed/aspeed-rust/target/thumbv7em-none-eabihf/debug/deps/aspeed_ddk-5c9206342b2fb78f.7owyt0cfaiumt8a8dsqmgw20p.rcgu.o:(.text._ZN91_$LT$core..slice..iter..Iter$LT$T$GT$$u20$as$u20$core..iter..traits..iterator..Iterator$GT$4next17h33b5db201aa949b8E)
    2832     2832        0     1                 $t
    2833     2833       6e     1                 _$LT$core..slice..iter..Iter$LT$T$GT$$u20$as$u20$core..iter..traits..iterator..Iterator$GT$::next::h33b5db201aa949b8
    28a0     28a0       22     2         /home/slee/work/rot/aspeed/aspeed-rust/target/thumbv7em-none-eabihf/debug/deps/aspeed_ddk-5c9206342b2fb78f.81m74sk81b4hrg3ho7mrhlnjk.rcgu.o:(.text._ZN153_$LT$core..result..Result$LT$T$C$F$GT$$u20$as$u20$core..ops..try_trait..FromResidual$LT$core..result..Result$LT$core..convert..Infallible$C$E$GT$$GT$$GT$13from_residual17h2a4ef367585d7855E)
    28a0     28a0        0     1                 $t
    28a1     28a1       22     1                 _$LT$core..result..Result$LT$T$C$F$GT$$u20$as$u20$core..ops..try_trait..FromResidual$LT$core..result..Result$LT$core..convert..Infallible$C$E$GT$$GT$$GT$::from_residual::h2a4ef367585d7855
    28c2     28c2       1e     2         /home/slee/work/rot/aspeed/aspeed-rust/target/thumbv7em-none-eabihf/debug/deps/aspeed_ddk-5c9206342b2fb78f.81m74sk81b4hrg3ho7mrhlnjk.rcgu.o:(.text._ZN153_$LT$core..result..Result$LT$T$C$F$GT$$u20$as$u20$core..ops..try_trait..FromResidual$LT$core..result..Result$LT$core..convert..Infallible$C$E$GT$$GT$$GT$13from_residual17h414d0e7905820c80E)
    28c2     28c2        0     1                 $t
    28c3     28c3       1e     1                 _$LT$core..result..Result$LT$T$C$F$GT$$u20$as$u20$core..ops..try_trait..FromResidual$LT$core..result..Result$LT$core..convert..Infallible$C$E$GT$$GT$$GT$::from_residual::h414d0e7905820c80
    28e0     28e0       38     2         /home/slee/work/rot/aspeed/aspeed-rust/target/thumbv7em-none-eabihf/debug/deps/aspeed_ddk-5c9206342b2fb78f.81m74sk81b4hrg3ho7mrhlnjk.rcgu.o:(.text._ZN4core6result19Result$LT$T$C$E$GT$14unwrap_or_else17h133652910f0116c8E)
    28e0     28e0        0     1                 $t
    28e1     28e1       38     1                 core::result::Result$LT$T$C$E$GT$::unwrap_or_else::h133652910f0116c8
    2918     2918       38     2         /home/slee/work/rot/aspeed/aspeed-rust/target/thumbv7em-none-eabihf/debug/deps/aspeed_ddk-5c9206342b2fb78f.81m74sk81b4hrg3ho7mrhlnjk.rcgu.o:(.text._ZN4core6result19Result$LT$T$C$E$GT$14unwrap_or_else17h48a6c8a43b193a31E)
    2918     2918        0     1                 $t
    2919     2919       38     1                 core::result::Result$LT$T$C$E$GT$::unwrap_or_else::h48a6c8a43b193a31
    2950     2950       38     2         /home/slee/work/rot/aspeed/aspeed-rust/target/thumbv7em-none-eabihf/debug/deps/aspeed_ddk-5c9206342b2fb78f.81m74sk81b4hrg3ho7mrhlnjk.rcgu.o:(.text._ZN4core6result19Result$LT$T$C$E$GT$14unwrap_or_else17he9d19285fc967586E)
    2950     2950        0     1                 $t
    2951     2951       38     1                 core::result::Result$LT$T$C$E$GT$::unwrap_or_else::he9d19285fc967586
    2988     2988       38     2         /home/slee/work/rot/aspeed/aspeed-rust/target/thumbv7em-none-eabihf/debug/deps/aspeed_ddk-5c9206342b2fb78f.81m74sk81b4hrg3ho7mrhlnjk.rcgu.o:(.text._ZN4core6result19Result$LT$T$C$E$GT$14unwrap_or_else17hf0fb95253e7e2235E)
    2988     2988        0     1                 $t
    2989     2989       38     1                 core::result::Result$LT$T$C$E$GT$::unwrap_or_else::hf0fb95253e7e2235
    29c0     29c0       28     2         /home/slee/work/rot/aspeed/aspeed-rust/target/thumbv7em-none-eabihf/debug/deps/aspeed_ddk-5c9206342b2fb78f.81m74sk81b4hrg3ho7mrhlnjk.rcgu.o:(.text._ZN4core6result19Result$LT$T$C$E$GT$5is_ok17haeaa9bc2de1c1df7E)
    29c0     29c0        0     1                 $t
    29c1     29c1       28     1                 core::result::Result$LT$T$C$E$GT$::is_ok::haeaa9bc2de1c1df7
    29e8     29e8       40     2         /home/slee/work/rot/aspeed/aspeed-rust/target/thumbv7em-none-eabihf/debug/deps/aspeed_ddk-5c9206342b2fb78f.81m74sk81b4hrg3ho7mrhlnjk.rcgu.o:(.text._ZN4core6result19Result$LT$T$C$E$GT$7map_err17h38904b8c48279c48E)
    29e8     29e8        0     1                 $t
    29e9     29e9       40     1                 core::result::Result$LT$T$C$E$GT$::map_err::h38904b8c48279c48
    2a28     2a28       30     2         /home/slee/work/rot/aspeed/aspeed-rust/target/thumbv7em-none-eabihf/debug/deps/aspeed_ddk-5c9206342b2fb78f.81m74sk81b4hrg3ho7mrhlnjk.rcgu.o:(.text._ZN4core6result19Result$LT$T$C$E$GT$7map_err17hf21d522b6f5f6fe6E)
    2a28     2a28        0     1                 $t
    2a29     2a29       30     1                 core::result::Result$LT$T$C$E$GT$::map_err::hf21d522b6f5f6fe6
    2a58     2a58       72     2         /home/slee/work/rot/aspeed/aspeed-rust/target/thumbv7em-none-eabihf/debug/deps/aspeed_ddk-5c9206342b2fb78f.81m74sk81b4hrg3ho7mrhlnjk.rcgu.o:(.text._ZN70_$LT$core..result..Result$LT$T$C$E$GT$$u20$as$u20$core..fmt..Debug$GT$3fmt17h29ab8a0989ba63daE)
    2a58     2a58        0     1                 $t
    2a59     2a59       72     1                 _$LT$core..result..Result$LT$T$C$E$GT$$u20$as$u20$core..fmt..Debug$GT$::fmt::h29ab8a0989ba63da
    2aca     2aca       3c     2         /home/slee/work/rot/aspeed/aspeed-rust/target/thumbv7em-none-eabihf/debug/deps/aspeed_ddk-5c9206342b2fb78f.81m74sk81b4hrg3ho7mrhlnjk.rcgu.o:(.text._ZN79_$LT$core..result..Result$LT$T$C$E$GT$$u20$as$u20$core..ops..try_trait..Try$GT$6branch17h819458621c5b78b1E)
    2aca     2aca        0     1                 $t
    2acb     2acb       3c     1                 _$LT$core..result..Result$LT$T$C$E$GT$$u20$as$u20$core..ops..try_trait..Try$GT$::branch::h819458621c5b78b1
    2b06     2b06       3c     2         /home/slee/work/rot/aspeed/aspeed-rust/target/thumbv7em-none-eabihf/debug/deps/aspeed_ddk-5c9206342b2fb78f.81m74sk81b4hrg3ho7mrhlnjk.rcgu.o:(.text._ZN79_$LT$core..result..Result$LT$T$C$E$GT$$u20$as$u20$core..ops..try_trait..Try$GT$6branch17h9baa9413c1f90f31E)
    2b06     2b06        0     1                 $t
    2b07     2b07       3c     1                 _$LT$core..result..Result$LT$T$C$E$GT$$u20$as$u20$core..ops..try_trait..Try$GT$::branch::h9baa9413c1f90f31
    2b42     2b42        a     2         /home/slee/work/rot/aspeed/aspeed-rust/target/thumbv7em-none-eabihf/debug/deps/aspeed_ddk-5c9206342b2fb78f.82b80nuhoh2wa6t0bv48x854v.rcgu.o:(.text._ZN43_$LT$u32$u20$as$u20$core..ops..bit..Not$GT$3not17ha75c9b32ca62f69eE)
    2b42     2b42        0     1                 $t
    2b43     2b43        a     1                 _$LT$u32$u20$as$u20$core..ops..bit..Not$GT$::not::ha75c9b32ca62f69e
    2b4c     2b4c        c     2         /home/slee/work/rot/aspeed/aspeed-rust/target/thumbv7em-none-eabihf/debug/deps/aspeed_ddk-5c9206342b2fb78f.82b80nuhoh2wa6t0bv48x854v.rcgu.o:(.text._ZN45_$LT$u32$u20$as$u20$core..ops..bit..BitOr$GT$5bitor17h84f172f6208e53b2E)
    2b4c     2b4c        0     1                 $t
    2b4d     2b4d        c     1                 _$LT$u32$u20$as$u20$core..ops..bit..BitOr$GT$::bitor::h84f172f6208e53b2
    2b58     2b58        c     2         /home/slee/work/rot/aspeed/aspeed-rust/target/thumbv7em-none-eabihf/debug/deps/aspeed_ddk-5c9206342b2fb78f.82b80nuhoh2wa6t0bv48x854v.rcgu.o:(.text._ZN46_$LT$u32$u20$as$u20$core..ops..bit..BitAnd$GT$6bitand17h845cb931ba96ba04E)
    2b58     2b58        0     1                 $t
    2b59     2b59        c     1                 _$LT$u32$u20$as$u20$core..ops..bit..BitAnd$GT$::bitand::h845cb931ba96ba04
    2b64     2b64       14     2         /home/slee/work/rot/aspeed/aspeed-rust/target/thumbv7em-none-eabihf/debug/deps/aspeed_ddk-5c9206342b2fb78f.82b80nuhoh2wa6t0bv48x854v.rcgu.o:(.text._ZN51_$LT$u32$u20$as$u20$core..ops..bit..BitOrAssign$GT$12bitor_assign17hba5e8a7f8a28a220E)
    2b64     2b64        0     1                 $t
    2b65     2b65       14     1                 _$LT$u32$u20$as$u20$core..ops..bit..BitOrAssign$GT$::bitor_assign::hba5e8a7f8a28a220
    2b78     2b78       14     2         /home/slee/work/rot/aspeed/aspeed-rust/target/thumbv7em-none-eabihf/debug/deps/aspeed_ddk-5c9206342b2fb78f.82b80nuhoh2wa6t0bv48x854v.rcgu.o:(.text._ZN52_$LT$u32$u20$as$u20$core..ops..bit..BitAndAssign$GT$13bitand_assign17hd402c323638e99ccE)
    2b78     2b78        0     1                 $t
    2b79     2b79       14     1                 _$LT$u32$u20$as$u20$core..ops..bit..BitAndAssign$GT$::bitand_assign::hd402c323638e99cc
    2b8c     2b8c       36     2         /home/slee/work/rot/aspeed/aspeed-rust/target/thumbv7em-none-eabihf/debug/deps/aspeed_ddk-5c9206342b2fb78f.82b80nuhoh2wa6t0bv48x854v.rcgu.o:(.text._ZN53_$LT$u32$u20$as$u20$core..ops..bit..Shl$LT$u8$GT$$GT$3shl17h9c10f2b91e05d331E)
    2b8c     2b8c        0     1                 $t
    2b8d     2b8d       36     1                 _$LT$u32$u20$as$u20$core..ops..bit..Shl$LT$u8$GT$$GT$::shl::h9c10f2b91e05d331
    2bc2     2bc2       42     2         /home/slee/work/rot/aspeed/aspeed-rust/target/thumbv7em-none-eabihf/debug/deps/aspeed_ddk-5c9206342b2fb78f.857m56uyvzzihmbqb24r8nz4f.rcgu.o:(.text._ZN4core3fmt9Arguments16new_v1_formatted17h34da141fde768d87E)
    2bc2     2bc2        0     1                 $t
    2bc3     2bc3       42     1                 core::fmt::Arguments::new_v1_formatted::h34da141fde768d87
    2c04     2c04        2     2         /home/slee/work/rot/aspeed/aspeed-rust/target/thumbv7em-none-eabihf/debug/deps/aspeed_ddk-5c9206342b2fb78f.8fkkpew4sj3qjg5rlyn1mmna1.rcgu.o:(.text._ZN5fugit7helpers14greater_than_017h19b4413794141fc6E)
    2c04     2c04        0     1                 $t
    2c05     2c05        2     1                 fugit::helpers::greater_than_0::h19b4413794141fc6
    2c06     2c06        2     2         /home/slee/work/rot/aspeed/aspeed-rust/target/thumbv7em-none-eabihf/debug/deps/aspeed_ddk-5c9206342b2fb78f.8fkkpew4sj3qjg5rlyn1mmna1.rcgu.o:(.text._ZN5fugit7helpers14greater_than_017h8895ec2ee3d6092bE)
    2c06     2c06        0     1                 $t
    2c07     2c07        2     1                 fugit::helpers::greater_than_0::h8895ec2ee3d6092b
    2c08     2c08       5c     2         /home/slee/work/rot/aspeed/aspeed-rust/target/thumbv7em-none-eabihf/debug/deps/aspeed_ddk-5c9206342b2fb78f.8p5rn7cr5ir8v0w2cwyrq7qex.rcgu.o:(.text._ZN4core3fmt3num49_$LT$impl$u20$core..fmt..Debug$u20$for$u20$u8$GT$3fmt17h6b8fcd97f4ab073aE)
    2c08     2c08        0     1                 $t
    2c09     2c09       5c     1                 core::fmt::num::_$LT$impl$u20$core..fmt..Debug$u20$for$u20$u8$GT$::fmt::h6b8fcd97f4ab073a
    2c64     2c64       74     2         /home/slee/work/rot/aspeed/aspeed-rust/target/thumbv7em-none-eabihf/debug/deps/aspeed_ddk-5c9206342b2fb78f.8vbpy1yiuaxjct0k2et530rr7.rcgu.o:(.text._ZN10aspeed_ddk5tests10functional8rsa_test13run_rsa_tests17h8b7168aafa1966aaE)
    2c64     2c64        0     1                 $t
    2c65     2c65       74     1                 aspeed_ddk::tests::functional::rsa_test::run_rsa_tests::h8b7168aafa1966aa
    2cd8     2cd8      b60     2         /home/slee/work/rot/aspeed/aspeed-rust/target/thumbv7em-none-eabihf/debug/deps/aspeed_ddk-5c9206342b2fb78f.8vbpy1yiuaxjct0k2et530rr7.rcgu.o:(.text._ZN10aspeed_ddk5tests10functional8rsa_test21run_rsa_signing_tests17ha10b91975c7fdbf2E)
    2cd8     2cd8        0     1                 $t
    2cd9     2cd9      b60     1                 aspeed_ddk::tests::functional::rsa_test::run_rsa_signing_tests::ha10b91975c7fdbf2
    3838     3838       72     2         /home/slee/work/rot/aspeed/aspeed-rust/target/thumbv7em-none-eabihf/debug/deps/aspeed_ddk-5c9206342b2fb78f.8vbpy1yiuaxjct0k2et530rr7.rcgu.o:(.text._ZN10aspeed_ddk5tests10functional8rsa_test21run_rsa_signing_tests28_$u7b$$u7b$closure$u7d$$u7d$17h1f9b996ebd9da077E)
    3838     3838        0     1                 $t
    3839     3839       72     1                 aspeed_ddk::tests::functional::rsa_test::run_rsa_signing_tests::_$u7b$$u7b$closure$u7d$$u7d$::h1f9b996ebd9da077
    38aa     38aa       72     2         /home/slee/work/rot/aspeed/aspeed-rust/target/thumbv7em-none-eabihf/debug/deps/aspeed_ddk-5c9206342b2fb78f.8vbpy1yiuaxjct0k2et530rr7.rcgu.o:(.text._ZN10aspeed_ddk5tests10functional8rsa_test21run_rsa_signing_tests28_$u7b$$u7b$closure$u7d$$u7d$17ha90d8096e2cb66e5E)
    38aa     38aa        0     1                 $t
    38ab     38ab       72     1                 aspeed_ddk::tests::functional::rsa_test::run_rsa_signing_tests::_$u7b$$u7b$closure$u7d$$u7d$::ha90d8096e2cb66e5
    391c     391c      58a     2         /home/slee/work/rot/aspeed/aspeed-rust/target/thumbv7em-none-eabihf/debug/deps/aspeed_ddk-5c9206342b2fb78f.8vbpy1yiuaxjct0k2et530rr7.rcgu.o:(.text._ZN10aspeed_ddk5tests10functional8rsa_test26run_rsa_verification_tests17ha52f58a2c8a44f3bE)
    391c     391c        0     1                 $t
    391d     391d      58a     1                 aspeed_ddk::tests::functional::rsa_test::run_rsa_verification_tests::ha52f58a2c8a44f3b
    3ea6     3ea6       72     2         /home/slee/work/rot/aspeed/aspeed-rust/target/thumbv7em-none-eabihf/debug/deps/aspeed_ddk-5c9206342b2fb78f.8vbpy1yiuaxjct0k2et530rr7.rcgu.o:(.text._ZN10aspeed_ddk5tests10functional8rsa_test26run_rsa_verification_tests28_$u7b$$u7b$closure$u7d$$u7d$17h7445a1bade59a4f7E)
    3ea6     3ea6        0     1                 $t
    3ea7     3ea7       72     1                 aspeed_ddk::tests::functional::rsa_test::run_rsa_verification_tests::_$u7b$$u7b$closure$u7d$$u7d$::h7445a1bade59a4f7
    3f18     3f18       72     2         /home/slee/work/rot/aspeed/aspeed-rust/target/thumbv7em-none-eabihf/debug/deps/aspeed_ddk-5c9206342b2fb78f.8vbpy1yiuaxjct0k2et530rr7.rcgu.o:(.text._ZN10aspeed_ddk5tests10functional8rsa_test26run_rsa_verification_tests28_$u7b$$u7b$closure$u7d$$u7d$17hce21144e52090571E)
    3f18     3f18        0     1                 $t
    3f19     3f19       72     1                 aspeed_ddk::tests::functional::rsa_test::run_rsa_verification_tests::_$u7b$$u7b$closure$u7d$$u7d$::hce21144e52090571
    3f8a     3f8a       16     2         /home/slee/work/rot/aspeed/aspeed-rust/target/thumbv7em-none-eabihf/debug/deps/aspeed_ddk-5c9206342b2fb78f.8witwxq6xh39df9x9rqgzvbey.rcgu.o:(.text._ZN4core3ops8function6FnOnce9call_once17he904be8da81c2fc0E)
    3f8a     3f8a        0     1                 $t
    3f8b     3f8b       16     1                 core::ops::function::FnOnce::call_once::he904be8da81c2fc0
    3fa0     3fa0        a     2         /home/slee/work/rot/aspeed/aspeed-rust/target/thumbv7em-none-eabihf/debug/deps/aspeed_ddk-5c9206342b2fb78f.92bqlt5qdktuewz6yyy3baicc.rcgu.o:(.text._ZN63_$LT$I$u20$as$u20$core..iter..traits..collect..IntoIterator$GT$9into_iter17h243d6d4a7b6558e6E)
    3fa0     3fa0        0     1                 $t
    3fa1     3fa1        a     1                 _$LT$I$u20$as$u20$core..iter..traits..collect..IntoIterator$GT$::into_iter::h243d6d4a7b6558e6
    3faa     3faa       10     2         /home/slee/work/rot/aspeed/aspeed-rust/target/thumbv7em-none-eabihf/debug/deps/aspeed_ddk-5c9206342b2fb78f.92bqlt5qdktuewz6yyy3baicc.rcgu.o:(.text._ZN98_$LT$core..iter..adapters..rev..Rev$LT$I$GT$$u20$as$u20$core..iter..traits..iterator..Iterator$GT$4next17h1ddd68de992daaf1E)
    3faa     3faa        0     1                 $t
    3fab     3fab       10     1                 _$LT$core..iter..adapters..rev..Rev$LT$I$GT$$u20$as$u20$core..iter..traits..iterator..Iterator$GT$::next::h1ddd68de992daaf1
    3fba     3fba      2ce     2         /home/slee/work/rot/aspeed/aspeed-rust/target/thumbv7em-none-eabihf/debug/deps/aspeed_ddk-5c9206342b2fb78f.95rbkp9t5n9zsy74gvfy44z7t.rcgu.o:(.text._ZN10aspeed_ddk5tests10functional10ecdsa_test15run_ecdsa_tests17hf387990696f398c9E)
    3fba     3fba        0     1                 $t
    3fbb     3fbb      2ce     1                 aspeed_ddk::tests::functional::ecdsa_test::run_ecdsa_tests::hf387990696f398c9
    4288     4288       12     2         /home/slee/work/rot/aspeed/aspeed-rust/target/thumbv7em-none-eabihf/debug/deps/aspeed_ddk-5c9206342b2fb78f.95rbkp9t5n9zsy74gvfy44z7t.rcgu.o:(.text._ZN4core5slice29_$LT$impl$u20$$u5b$T$u5d$$GT$4iter17hf6139c591f6ce320E)
    4288     4288        0     1                 $t
    4289     4289       12     1                 core::slice::_$LT$impl$u20$$u5b$T$u5d$$GT$::iter::hf6139c591f6ce320
    429a     429a       f6     2         /home/slee/work/rot/aspeed/aspeed-rust/target/thumbv7em-none-eabihf/debug/deps/aspeed_ddk-5c9206342b2fb78f.9aqghx161e1sm0rotf1a2x23k.rcgu.o:(.text._ZN11ast1060_pac11Peripherals5steal17hc3ce8553ab3a1e98E)
    429a     429a        0     1                 $t
    429b     429b       f6     1                 ast1060_pac::Peripherals::steal::hc3ce8553ab3a1e98
    4390     4390       60     2         /home/slee/work/rot/aspeed/aspeed-rust/target/thumbv7em-none-eabihf/debug/deps/aspeed_ddk-5c9206342b2fb78f.9ge7vymick0q4slap4tzjl5mt.rcgu.o:(.text._ZN72_$LT$aspeed_ddk..ecdsa..AspeedEcdsaError$u20$as$u20$core..fmt..Debug$GT$3fmt17hc17aeb2cf41a1c8cE)
    4390     4390        0     1                 $t
    4391     4391       60     1                 _$LT$aspeed_ddk..ecdsa..AspeedEcdsaError$u20$as$u20$core..fmt..Debug$GT$::fmt::hc17aeb2cf41a1c8c
    43f0     43f0       8c     2         /home/slee/work/rot/aspeed/aspeed-rust/target/thumbv7em-none-eabihf/debug/deps/aspeed_ddk-5c9206342b2fb78f.9rjfxagbsbn51v1f3w9z5p3hn.rcgu.o:(.text._ZN12embedded_hal5delay7DelayNs8delay_ms17h3dc56795454874d3E)
    43f0     43f0        0     1                 $t
    43f1     43f1       8c     1                 embedded_hal::delay::DelayNs::delay_ms::h3dc56795454874d3
    447c     447c       98     2         /home/slee/work/rot/aspeed/aspeed-rust/target/thumbv7em-none-eabihf/debug/deps/aspeed_ddk-5c9206342b2fb78f.9rjfxagbsbn51v1f3w9z5p3hn.rcgu.o:(.text._ZN12embedded_hal5delay7DelayNs8delay_us17h2ef6e2f2ec3a7208E)
    447c     447c        0     1                 $t
    447d     447d       98     1                 embedded_hal::delay::DelayNs::delay_us::h2ef6e2f2ec3a7208
    4514     4514       10     2         /home/slee/work/rot/aspeed/aspeed-rust/target/thumbv7em-none-eabihf/debug/deps/aspeed_ddk-5c9206342b2fb78f.a3e6jpwocgtj24zmcz3dguse3.rcgu.o:(.text._ZN10aspeed_ddk8watchdog24WdtController$LT$WDT$GT$3new17h00b200c47c70b98fE)
    4514     4514        0     1                 $t
    4515     4515       10     1                 aspeed_ddk::watchdog::WdtController$LT$WDT$GT$::new::h00b200c47c70b98f
    4524     4524       10     2         /home/slee/work/rot/aspeed/aspeed-rust/target/thumbv7em-none-eabihf/debug/deps/aspeed_ddk-5c9206342b2fb78f.a3e6jpwocgtj24zmcz3dguse3.rcgu.o:(.text._ZN10aspeed_ddk8watchdog24WdtController$LT$WDT$GT$3new17h31b473ca93396b59E)
    4524     4524        0     1                 $t
    4525     4525       10     1                 aspeed_ddk::watchdog::WdtController$LT$WDT$GT$::new::h31b473ca93396b59
    4534     4534       46     2         /home/slee/work/rot/aspeed/aspeed-rust/target/thumbv7em-none-eabihf/debug/deps/aspeed_ddk-5c9206342b2fb78f.a3e6jpwocgtj24zmcz3dguse3.rcgu.o:(.text._ZN10aspeed_ddk8watchdog24WdtController$LT$WDT$GT$4feed17h0122f435afd517c6E)
    4534     4534        0     1                 $t
    4535     4535       46     1                 aspeed_ddk::watchdog::WdtController$LT$WDT$GT$::feed::h0122f435afd517c6
    457a     457a       46     2         /home/slee/work/rot/aspeed/aspeed-rust/target/thumbv7em-none-eabihf/debug/deps/aspeed_ddk-5c9206342b2fb78f.a3e6jpwocgtj24zmcz3dguse3.rcgu.o:(.text._ZN10aspeed_ddk8watchdog24WdtController$LT$WDT$GT$4feed17hff92659010f8d884E)
    457a     457a        0     1                 $t
    457b     457b       46     1                 aspeed_ddk::watchdog::WdtController$LT$WDT$GT$::feed::hff92659010f8d884
    45c0     45c0       6c     2         /home/slee/work/rot/aspeed/aspeed-rust/target/thumbv7em-none-eabihf/debug/deps/aspeed_ddk-5c9206342b2fb78f.a3e6jpwocgtj24zmcz3dguse3.rcgu.o:(.text._ZN10aspeed_ddk8watchdog24WdtController$LT$WDT$GT$4feed28_$u7b$$u7b$closure$u7d$$u7d$17h7852adb8f81e65fdE)
    45c0     45c0        0     1                 $t
    45c1     45c1       6c     1                 aspeed_ddk::watchdog::WdtController$LT$WDT$GT$::feed::_$u7b$$u7b$closure$u7d$$u7d$::h7852adb8f81e65fd
    462c     462c       6c     2         /home/slee/work/rot/aspeed/aspeed-rust/target/thumbv7em-none-eabihf/debug/deps/aspeed_ddk-5c9206342b2fb78f.a3e6jpwocgtj24zmcz3dguse3.rcgu.o:(.text._ZN10aspeed_ddk8watchdog24WdtController$LT$WDT$GT$4feed28_$u7b$$u7b$closure$u7d$$u7d$17hc3c8c884db6590f7E)
    462c     462c        0     1                 $t
    462d     462d       6c     1                 aspeed_ddk::watchdog::WdtController$LT$WDT$GT$::feed::_$u7b$$u7b$closure$u7d$$u7d$::hc3c8c884db6590f7
    4698     4698       46     2         /home/slee/work/rot/aspeed/aspeed-rust/target/thumbv7em-none-eabihf/debug/deps/aspeed_ddk-5c9206342b2fb78f.a3e6jpwocgtj24zmcz3dguse3.rcgu.o:(.text._ZN10aspeed_ddk8watchdog24WdtController$LT$WDT$GT$4stop17h856b381bf92c0a0dE)
    4698     4698        0     1                 $t
    4699     4699       46     1                 aspeed_ddk::watchdog::WdtController$LT$WDT$GT$::stop::h856b381bf92c0a0d
    46de     46de       46     2         /home/slee/work/rot/aspeed/aspeed-rust/target/thumbv7em-none-eabihf/debug/deps/aspeed_ddk-5c9206342b2fb78f.a3e6jpwocgtj24zmcz3dguse3.rcgu.o:(.text._ZN10aspeed_ddk8watchdog24WdtController$LT$WDT$GT$4stop17hdf6bdc8ee425f6adE)
    46de     46de        0     1                 $t
    46df     46df       46     1                 aspeed_ddk::watchdog::WdtController$LT$WDT$GT$::stop::hdf6bdc8ee425f6ad
    4724     4724       3a     2         /home/slee/work/rot/aspeed/aspeed-rust/target/thumbv7em-none-eabihf/debug/deps/aspeed_ddk-5c9206342b2fb78f.a3e6jpwocgtj24zmcz3dguse3.rcgu.o:(.text._ZN10aspeed_ddk8watchdog24WdtController$LT$WDT$GT$4stop28_$u7b$$u7b$closure$u7d$$u7d$17h472a91fc43c166e9E)
    4724     4724        0     1                 $t
    4725     4725       3a     1                 aspeed_ddk::watchdog::WdtController$LT$WDT$GT$::stop::_$u7b$$u7b$closure$u7d$$u7d$::h472a91fc43c166e9
    475e     475e       3a     2         /home/slee/work/rot/aspeed/aspeed-rust/target/thumbv7em-none-eabihf/debug/deps/aspeed_ddk-5c9206342b2fb78f.a3e6jpwocgtj24zmcz3dguse3.rcgu.o:(.text._ZN10aspeed_ddk8watchdog24WdtController$LT$WDT$GT$4stop28_$u7b$$u7b$closure$u7d$$u7d$17h7959ade4f2c1d852E)
    475e     475e        0     1                 $t
    475f     475f       3a     1                 aspeed_ddk::watchdog::WdtController$LT$WDT$GT$::stop::_$u7b$$u7b$closure$u7d$$u7d$::h7959ade4f2c1d852
    4798     4798       de     2         /home/slee/work/rot/aspeed/aspeed-rust/target/thumbv7em-none-eabihf/debug/deps/aspeed_ddk-5c9206342b2fb78f.a3e6jpwocgtj24zmcz3dguse3.rcgu.o:(.text._ZN10aspeed_ddk8watchdog24WdtController$LT$WDT$GT$5setup17h3cf3dace1108d03eE)
    4798     4798        0     1                 $t
    4799     4799       de     1                 aspeed_ddk::watchdog::WdtController$LT$WDT$GT$::setup::h3cf3dace1108d03e
    4876     4876       de     2         /home/slee/work/rot/aspeed/aspeed-rust/target/thumbv7em-none-eabihf/debug/deps/aspeed_ddk-5c9206342b2fb78f.a3e6jpwocgtj24zmcz3dguse3.rcgu.o:(.text._ZN10aspeed_ddk8watchdog24WdtController$LT$WDT$GT$5setup17ha270731e62b3e293E)
    4876     4876        0     1                 $t
    4877     4877       de     1                 aspeed_ddk::watchdog::WdtController$LT$WDT$GT$::setup::ha270731e62b3e293
    4954     4954       9c     2         /home/slee/work/rot/aspeed/aspeed-rust/target/thumbv7em-none-eabihf/debug/deps/aspeed_ddk-5c9206342b2fb78f.a3e6jpwocgtj24zmcz3dguse3.rcgu.o:(.text._ZN10aspeed_ddk8watchdog24WdtController$LT$WDT$GT$5setup28_$u7b$$u7b$closure$u7d$$u7d$17h056c60fb60c49444E)
    4954     4954        0     1                 $t
    4955     4955       9c     1                 aspeed_ddk::watchdog::WdtController$LT$WDT$GT$::setup::_$u7b$$u7b$closure$u7d$$u7d$::h056c60fb60c49444
    49f0     49f0       9c     2         /home/slee/work/rot/aspeed/aspeed-rust/target/thumbv7em-none-eabihf/debug/deps/aspeed_ddk-5c9206342b2fb78f.a3e6jpwocgtj24zmcz3dguse3.rcgu.o:(.text._ZN10aspeed_ddk8watchdog24WdtController$LT$WDT$GT$5setup28_$u7b$$u7b$closure$u7d$$u7d$17h36bf43a4fa3183c9E)
    49f0     49f0        0     1                 $t
    49f1     49f1       9c     1                 aspeed_ddk::watchdog::WdtController$LT$WDT$GT$::setup::_$u7b$$u7b$closure$u7d$$u7d$::h36bf43a4fa3183c9
    4a8c     4a8c       6c     2         /home/slee/work/rot/aspeed/aspeed-rust/target/thumbv7em-none-eabihf/debug/deps/aspeed_ddk-5c9206342b2fb78f.a3e6jpwocgtj24zmcz3dguse3.rcgu.o:(.text._ZN10aspeed_ddk8watchdog24WdtController$LT$WDT$GT$5setup28_$u7b$$u7b$closure$u7d$$u7d$17hafaba8c70f0c0aebE)
    4a8c     4a8c        0     1                 $t
    4a8d     4a8d       6c     1                 aspeed_ddk::watchdog::WdtController$LT$WDT$GT$::setup::_$u7b$$u7b$closure$u7d$$u7d$::hafaba8c70f0c0aeb
    4af8     4af8       6c     2         /home/slee/work/rot/aspeed/aspeed-rust/target/thumbv7em-none-eabihf/debug/deps/aspeed_ddk-5c9206342b2fb78f.a3e6jpwocgtj24zmcz3dguse3.rcgu.o:(.text._ZN10aspeed_ddk8watchdog24WdtController$LT$WDT$GT$5setup28_$u7b$$u7b$closure$u7d$$u7d$17hd3b19dd743c65078E)
    4af8     4af8        0     1                 $t
    4af9     4af9       6c     1                 aspeed_ddk::watchdog::WdtController$LT$WDT$GT$::setup::_$u7b$$u7b$closure$u7d$$u7d$::hd3b19dd743c65078
    4b64     4b64       8a     2         /home/slee/work/rot/aspeed/aspeed-rust/target/thumbv7em-none-eabihf/debug/deps/aspeed_ddk-5c9206342b2fb78f.a3e6jpwocgtj24zmcz3dguse3.rcgu.o:(.text._ZN10aspeed_ddk8watchdog24WdtController$LT$WDT$GT$5start17h5f4c39c67920967aE)
    4b64     4b64        0     1                 $t
    4b65     4b65       8a     1                 aspeed_ddk::watchdog::WdtController$LT$WDT$GT$::start::h5f4c39c67920967a
    4bee     4bee       8a     2         /home/slee/work/rot/aspeed/aspeed-rust/target/thumbv7em-none-eabihf/debug/deps/aspeed_ddk-5c9206342b2fb78f.a3e6jpwocgtj24zmcz3dguse3.rcgu.o:(.text._ZN10aspeed_ddk8watchdog24WdtController$LT$WDT$GT$5start17hf331c5246be27b3fE)
    4bee     4bee        0     1                 $t
    4bef     4bef       8a     1                 aspeed_ddk::watchdog::WdtController$LT$WDT$GT$::start::hf331c5246be27b3f
    4c78     4c78       60     2         /home/slee/work/rot/aspeed/aspeed-rust/target/thumbv7em-none-eabihf/debug/deps/aspeed_ddk-5c9206342b2fb78f.a3e6jpwocgtj24zmcz3dguse3.rcgu.o:(.text._ZN10aspeed_ddk8watchdog24WdtController$LT$WDT$GT$5start28_$u7b$$u7b$closure$u7d$$u7d$17h0527ff519fbb244fE)
    4c78     4c78        0     1                 $t
    4c79     4c79       60     1                 aspeed_ddk::watchdog::WdtController$LT$WDT$GT$::start::_$u7b$$u7b$closure$u7d$$u7d$::h0527ff519fbb244f
    4cd8     4cd8       36     2         /home/slee/work/rot/aspeed/aspeed-rust/target/thumbv7em-none-eabihf/debug/deps/aspeed_ddk-5c9206342b2fb78f.a3e6jpwocgtj24zmcz3dguse3.rcgu.o:(.text._ZN10aspeed_ddk8watchdog24WdtController$LT$WDT$GT$5start28_$u7b$$u7b$closure$u7d$$u7d$17h77756ba4309a704fE)
    4cd8     4cd8        0     1                 $t
    4cd9     4cd9       36     1                 aspeed_ddk::watchdog::WdtController$LT$WDT$GT$::start::_$u7b$$u7b$closure$u7d$$u7d$::h77756ba4309a704f
    4d0e     4d0e       36     2         /home/slee/work/rot/aspeed/aspeed-rust/target/thumbv7em-none-eabihf/debug/deps/aspeed_ddk-5c9206342b2fb78f.a3e6jpwocgtj24zmcz3dguse3.rcgu.o:(.text._ZN10aspeed_ddk8watchdog24WdtController$LT$WDT$GT$5start28_$u7b$$u7b$closure$u7d$$u7d$17hb26809b13f789739E)
    4d0e     4d0e        0     1                 $t
    4d0f     4d0f       36     1                 aspeed_ddk::watchdog::WdtController$LT$WDT$GT$::start::_$u7b$$u7b$closure$u7d$$u7d$::hb26809b13f789739
    4d44     4d44       60     2         /home/slee/work/rot/aspeed/aspeed-rust/target/thumbv7em-none-eabihf/debug/deps/aspeed_ddk-5c9206342b2fb78f.a3e6jpwocgtj24zmcz3dguse3.rcgu.o:(.text._ZN10aspeed_ddk8watchdog24WdtController$LT$WDT$GT$5start28_$u7b$$u7b$closure$u7d$$u7d$17hb8182b348f5e81a6E)
    4d44     4d44        0     1                 $t
    4d45     4d45       60     1                 aspeed_ddk::watchdog::WdtController$LT$WDT$GT$::start::_$u7b$$u7b$closure$u7d$$u7d$::hb8182b348f5e81a6
    4da4     4da4       12     2         /home/slee/work/rot/aspeed/aspeed-rust/target/thumbv7em-none-eabihf/debug/deps/aspeed_ddk-5c9206342b2fb78f.a781emhfdqzr6od69q0zmbvgw.rcgu.o:(.text._ZN4core3num7nonzero16NonZero$LT$T$GT$13new_unchecked18precondition_check17h231c82a95195c4feE)
    4da4     4da4        0     1                 $t
    4da5     4da5       12     1                 core::num::nonzero::NonZero$LT$T$GT$::new_unchecked::precondition_check::h231c82a95195c4fe
    4db6     4db6       3c     2         /home/slee/work/rot/aspeed/aspeed-rust/target/thumbv7em-none-eabihf/debug/deps/aspeed_ddk-5c9206342b2fb78f.avrhjhidl1e9uz7egstsmg87a.rcgu.o:(.text._ZN49_$LT$usize$u20$as$u20$core..iter..range..Step$GT$13steps_between17h052419bd8b9cfd4eE)
    4db6     4db6        0     1                 $t
    4db7     4db7       3c     1                 _$LT$usize$u20$as$u20$core..iter..range..Step$GT$::steps_between::h052419bd8b9cfd4e
    4df2     4df2       24     2         /home/slee/work/rot/aspeed/aspeed-rust/target/thumbv7em-none-eabihf/debug/deps/aspeed_ddk-5c9206342b2fb78f.avrhjhidl1e9uz7egstsmg87a.rcgu.o:(.text._ZN49_$LT$usize$u20$as$u20$core..iter..range..Step$GT$18backward_unchecked17h346bca79cef169b6E)
    4df2     4df2        0     1                 $t
    4df3     4df3       24     1                 _$LT$usize$u20$as$u20$core..iter..range..Step$GT$::backward_unchecked::h346bca79cef169b6
    4e16     4e16        a     2         /home/slee/work/rot/aspeed/aspeed-rust/target/thumbv7em-none-eabihf/debug/deps/aspeed_ddk-5c9206342b2fb78f.azjb16a0p5p7ct9mbymqi445g.rcgu.o:(.text._ZN8cortex_m3asm3nop17h9417393891f95f00E)
    4e16     4e16        0     1                 $t
    4e17     4e17        a     1                 cortex_m::asm::nop::h9417393891f95f00
    4e20     4e20        a     2         /home/slee/work/rot/aspeed/aspeed-rust/target/thumbv7em-none-eabihf/debug/deps/aspeed_ddk-5c9206342b2fb78f.azjb16a0p5p7ct9mbymqi445g.rcgu.o:(.text._ZN8cortex_m3asm3wfi17hb6d86b9def5db14eE)
    4e20     4e20        0     1                 $t
    4e21     4e21        a     1                 cortex_m::asm::wfi::hb6d86b9def5db14e
    4e2a     4e2a       12     2         /home/slee/work/rot/aspeed/aspeed-rust/target/thumbv7em-none-eabihf/debug/deps/aspeed_ddk-5c9206342b2fb78f.b8teh20pf85ye5iilr139i7ao.rcgu.o:(.text._ZN4core7convert3num18ptr_try_from_impls69_$LT$impl$u20$core..convert..TryFrom$LT$usize$GT$$u20$for$u20$u32$GT$8try_from17h01f8fba1de8d11cfE)
    4e2a     4e2a        0     1                 $t
    4e2b     4e2b       12     1                 core::convert::num::ptr_try_from_impls::_$LT$impl$u20$core..convert..TryFrom$LT$usize$GT$$u20$for$u20$u32$GT$::try_from::h01f8fba1de8d11cf
    4e3c     4e3c       84     2         /home/slee/work/rot/aspeed/aspeed-rust/target/thumbv7em-none-eabihf/debug/deps/aspeed_ddk-5c9206342b2fb78f.bacaelm4rgg4vubbjgq87javj.rcgu.o:(.text._ZN146_$LT$core..ops..range..Range$LT$usize$GT$$u20$as$u20$core..iter..adapters..step_by..SpecRangeSetup$LT$core..ops..range..Range$LT$usize$GT$$GT$$GT$5setup17h640d5b35130e3855E)
    4e3c     4e3c        0     1                 $t
    4e3d     4e3d       84     1                 _$LT$core..ops..range..Range$LT$usize$GT$$u20$as$u20$core..iter..adapters..step_by..SpecRangeSetup$LT$core..ops..range..Range$LT$usize$GT$$GT$$GT$::setup::h640d5b35130e3855
    4ec0     4ec0       30     2         /home/slee/work/rot/aspeed/aspeed-rust/target/thumbv7em-none-eabihf/debug/deps/aspeed_ddk-5c9206342b2fb78f.bun4vh2yvsgfjiqsf2tlweq3o.rcgu.o:(.text._ZN71_$LT$aspeed_ddk..DummyDelay$u20$as$u20$embedded_hal..delay..DelayNs$GT$8delay_ns17h882e60734b6efb9dE)
    4ec0     4ec0        0     1                 $t
    4ec1     4ec1       30     1                 _$LT$aspeed_ddk..DummyDelay$u20$as$u20$embedded_hal..delay..DelayNs$GT$::delay_ns::h882e60734b6efb9d
    4ef0     4ef0      16e     2         /home/slee/work/rot/aspeed/aspeed-rust/target/thumbv7em-none-eabihf/debug/deps/aspeed_ddk-5c9206342b2fb78f.bun4vh2yvsgfjiqsf2tlweq3o.rcgu.o:(.text._ZN10aspeed_ddk8test_wdt17h22863f4a9074ce56E)
    4ef0     4ef0        0     1                 $t
    4ef1     4ef1      16e     1                 aspeed_ddk::test_wdt::h22863f4a9074ce56
    505e     505e       a8     2         /home/slee/work/rot/aspeed/aspeed-rust/target/thumbv7em-none-eabihf/debug/deps/aspeed_ddk-5c9206342b2fb78f.bun4vh2yvsgfjiqsf2tlweq3o.rcgu.o:(.text.__pre_init)
    505e     505e        0     1                 $t
    505f     505f       a8     1                 __pre_init
    5106     5106        8     2         /home/slee/work/rot/aspeed/aspeed-rust/target/thumbv7em-none-eabihf/debug/deps/aspeed_ddk-5c9206342b2fb78f.bun4vh2yvsgfjiqsf2tlweq3o.rcgu.o:(.text._ZN61_$LT$aspeed_ddk..DummyDelay$u20$as$u20$core..clone..Clone$GT$5clone17hdbefed5086bafffbE)
    5106     5106        0     1                 $t
    5107     5107        8     1                 _$LT$aspeed_ddk..DummyDelay$u20$as$u20$core..clone..Clone$GT$::clone::hdbefed5086bafffb
    510e     510e        8     2         /home/slee/work/rot/aspeed/aspeed-rust/target/thumbv7em-none-eabihf/debug/deps/aspeed_ddk-5c9206342b2fb78f.bun4vh2yvsgfjiqsf2tlweq3o.rcgu.o:(.text.main)
    510e     510e        0     1                 $t
    510f     510f        8     1                 main
    5116     5116      15e     2         /home/slee/work/rot/aspeed/aspeed-rust/target/thumbv7em-none-eabihf/debug/deps/aspeed_ddk-5c9206342b2fb78f.bun4vh2yvsgfjiqsf2tlweq3o.rcgu.o:(.text._ZN10aspeed_ddk18__cortex_m_rt_main17h014977f8d596093cE)
    5116     5116        0     1                 $t
    5117     5117      15e     1                 aspeed_ddk::__cortex_m_rt_main::h014977f8d596093c
    5274     5274      142     2         /home/slee/work/rot/aspeed/aspeed-rust/target/thumbv7em-none-eabihf/debug/deps/aspeed_ddk-5c9206342b2fb78f.c6rgybq8oreksqv7u6hzbf2f4.rcgu.o:(.text._ZN4core5slice5index5range17h36485a1b58d2ecfcE)
    5274     5274        0     1                 $t
    5275     5275      142     1                 core::slice::index::range::h36485a1b58d2ecfc
    53b6     53b6       12     2         /home/slee/work/rot/aspeed/aspeed-rust/target/thumbv7em-none-eabihf/debug/deps/aspeed_ddk-5c9206342b2fb78f.ds8kkwckg6w8rcii88670mluh.rcgu.o:(.text._ZN4core3cmp3Ord3min17h366d52fca52fa18dE)
    53b6     53b6        0     1                 $t
    53b7     53b7       12     1                 core::cmp::Ord::min::h366d52fca52fa18d
    53c8     53c8       12     2         /home/slee/work/rot/aspeed/aspeed-rust/target/thumbv7em-none-eabihf/debug/deps/aspeed_ddk-5c9206342b2fb78f.ds8kkwckg6w8rcii88670mluh.rcgu.o:(.text._ZN4core3cmp3min17he32dea45ca69aa34E)
    53c8     53c8        0     1                 $t
    53c9     53c9       12     1                 core::cmp::min::he32dea45ca69aa34
    53da     53da       56     2         /home/slee/work/rot/aspeed/aspeed-rust/target/thumbv7em-none-eabihf/debug/deps/aspeed_ddk-5c9206342b2fb78f.ds8kkwckg6w8rcii88670mluh.rcgu.o:(.text._ZN4core3cmp6min_by17h58e9ab34d78d79cdE)
    53da     53da        0     1                 $t
    53db     53db       56     1                 core::cmp::min_by::h58e9ab34d78d79cd
    5430     5430       1a     2         /home/slee/work/rot/aspeed/aspeed-rust/target/thumbv7em-none-eabihf/debug/deps/aspeed_ddk-5c9206342b2fb78f.dxhbgyrsq3nty2nh4vj7pxi9b.rcgu.o:(.text._ZN42_$LT$$RF$T$u20$as$u20$core..fmt..Debug$GT$3fmt17h7c906e08602457a8E)
    5430     5430        0     1                 $t
    5431     5431       1a     1                 _$LT$$RF$T$u20$as$u20$core..fmt..Debug$GT$::fmt::h7c906e08602457a8
    544a     544a       14     2         /home/slee/work/rot/aspeed/aspeed-rust/target/thumbv7em-none-eabihf/debug/deps/aspeed_ddk-5c9206342b2fb78f.dxhbgyrsq3nty2nh4vj7pxi9b.rcgu.o:(.text._ZN42_$LT$$RF$T$u20$as$u20$core..fmt..Debug$GT$3fmt17hf4b94ac7d788871bE)
    544a     544a        0     1                 $t
    544b     544b       14     1                 _$LT$$RF$T$u20$as$u20$core..fmt..Debug$GT$::fmt::hf4b94ac7d788871b
    545e     545e       4c     2         /home/slee/work/rot/aspeed/aspeed-rust/target/thumbv7em-none-eabihf/debug/deps/aspeed_ddk-5c9206342b2fb78f.dxhbgyrsq3nty2nh4vj7pxi9b.rcgu.o:(.text._ZN48_$LT$$u5b$T$u5d$$u20$as$u20$core..fmt..Debug$GT$3fmt17h83e27ea8e441f558E)
    545e     545e        0     1                 $t
    545f     545f       4c     1                 _$LT$$u5b$T$u5d$$u20$as$u20$core..fmt..Debug$GT$::fmt::h83e27ea8e441f558
    54aa     54aa       2c     2         /home/slee/work/rot/aspeed/aspeed-rust/target/thumbv7em-none-eabihf/debug/deps/aspeed_ddk-5c9206342b2fb78f.dxhbgyrsq3nty2nh4vj7pxi9b.rcgu.o:(.text._ZN4core3fmt9Arguments6new_v117h06633168665005afE)
    54aa     54aa        0     1                 $t
    54ab     54ab       2c     1                 core::fmt::Arguments::new_v1::h06633168665005af
    54d6     54d6       a8     2         /home/slee/work/rot/aspeed/aspeed-rust/target/thumbv7em-none-eabihf/debug/deps/aspeed_ddk-5c9206342b2fb78f.euaoykrvqbuguu36x55sn1aj8.rcgu.o:(.text._ZN4core10intrinsics11write_bytes18precondition_check17h88dc9525fc5cd0c3E)
    54d6     54d6        0     1                 $t
    54d7     54d7       a8     1                 core::intrinsics::write_bytes::precondition_check::h88dc9525fc5cd0c3
    557e     557e      136     2         /home/slee/work/rot/aspeed/aspeed-rust/target/thumbv7em-none-eabihf/debug/deps/aspeed_ddk-5c9206342b2fb78f.euaoykrvqbuguu36x55sn1aj8.rcgu.o:(.text._ZN4core10intrinsics4copy18precondition_check17hf5871860a9f04219E)
    557e     557e        0     1                 $t
    557f     557f      136     1                 core::intrinsics::copy::precondition_check::hf5871860a9f04219
    56b4     56b4       60     2         /home/slee/work/rot/aspeed/aspeed-rust/target/thumbv7em-none-eabihf/debug/deps/aspeed_ddk-5c9206342b2fb78f.f2nadrch7dlk375f0j4h9tbpv.rcgu.o:(.text._ZN68_$LT$aspeed_ddk..rsa..RsaDriverError$u20$as$u20$core..fmt..Debug$GT$3fmt17hbf0f6f95a53c12deE)
    56b4     56b4        0     1                 $t
    56b5     56b5       60     1                 _$LT$aspeed_ddk..rsa..RsaDriverError$u20$as$u20$core..fmt..Debug$GT$::fmt::hbf0f6f95a53c12de
    5714     5714       5e     2         /home/slee/work/rot/aspeed/aspeed-rust/target/thumbv7em-none-eabihf/debug/deps/libcortex_m_rt-348ca71bab08168b.rlib(cortex_m_rt-348ca71bab08168b.cortex_m_rt.b486df28fb30ab8a-cgu.0.rcgu.o):(.text._ZN2r08zero_bss17hc2adaaac903742d3E)
    5714     5714        0     1                 $t
    5715     5715       5e     1                 r0::zero_bss::hc2adaaac903742d3
    5772     5772       48     2         /home/slee/work/rot/aspeed/aspeed-rust/target/thumbv7em-none-eabihf/debug/deps/libcortex_m_rt-348ca71bab08168b.rlib(cortex_m_rt-348ca71bab08168b.cortex_m_rt.b486df28fb30ab8a-cgu.0.rcgu.o):(.text._ZN2r09init_data17h5d1359044788c0cdE)
    5772     5772        0     1                 $t
    5773     5773       48     1                 r0::init_data::h5d1359044788c0cd
    57ba     57ba       a8     2         /home/slee/work/rot/aspeed/aspeed-rust/target/thumbv7em-none-eabihf/debug/deps/libcortex_m_rt-348ca71bab08168b.rlib(cortex_m_rt-348ca71bab08168b.cortex_m_rt.b486df28fb30ab8a-cgu.0.rcgu.o):(.text._ZN4core10intrinsics11write_bytes18precondition_check17h8675583ce538c819E)
    57ba     57ba        0     1                 $t
    57bb     57bb       a8     1                 core::intrinsics::write_bytes::precondition_check::h8675583ce538c819
    5862     5862       24     2         /home/slee/work/rot/aspeed/aspeed-rust/target/thumbv7em-none-eabihf/debug/deps/libcortex_m_rt-348ca71bab08168b.rlib(cortex_m_rt-348ca71bab08168b.cortex_m_rt.b486df28fb30ab8a-cgu.0.rcgu.o):(.text._ZN4core3ptr14write_volatile17hb69fcff43a3005b3E)
    5862     5862        0     1                 $t
    5863     5863       24     1                 core::ptr::write_volatile::hb69fcff43a3005b3
    5886     5886       aa     2         /home/slee/work/rot/aspeed/aspeed-rust/target/thumbv7em-none-eabihf/debug/deps/libcortex_m_rt-348ca71bab08168b.rlib(cortex_m_rt-348ca71bab08168b.cortex_m_rt.b486df28fb30ab8a-cgu.0.rcgu.o):(.text._ZN4core3ptr14write_volatile18precondition_check17ha84d6ac6e83b1e94E)
    5886     5886        0     1                 $t
    5887     5887       aa     1                 core::ptr::write_volatile::precondition_check::ha84d6ac6e83b1e94
[...]
    92b1     92b1      4a4     1         /home/slee/work/rot/aspeed/aspeed-rust/target/thumbv7em-none-eabihf/debug/deps/libaspeed_ddk-c6ab62bacbf4df4d.rlib(aspeed_ddk-c6ab62bacbf4df4d.80yszs3irjeaksoe1z5zw85hc.rcgu.o):(.debug_line)
    9755     9755      112     1         /home/slee/work/rot/aspeed/aspeed-rust/target/thumbv7em-none-eabihf/debug/deps/libaspeed_ddk-c6ab62bacbf4df4d.rlib(aspeed_ddk-c6ab62bacbf4df4d.8e1xpx79f3frycc5nmcxgelj9.rcgu.o):(.debug_line)
    9867     9867      4ae     1         /home/slee/work/rot/aspeed/aspeed-rust/target/thumbv7em-none-eabihf/debug/deps/libaspeed_ddk-c6ab62bacbf4df4d.rlib(aspeed_ddk-c6ab62bacbf4df4d.8jd2qwdr7caimj3hon4ocj81a.rcgu.o):(.debug_line)
    9d15     9d15      3dd     1         /home/slee/work/rot/aspeed/aspeed-rust/target/thumbv7em-none-eabihf/debug/deps/libaspeed_ddk-c6ab62bacbf4df4d.rlib(aspeed_ddk-c6ab62bacbf4df4d.8r5dkr47rzfriabimkcleuhsl.rcgu.o):(.debug_line)
    a0f2     a0f2      826     1         /home/slee/work/rot/aspeed/aspeed-rust/target/thumbv7em-none-eabihf/debug/deps/libaspeed_ddk-c6ab62bacbf4df4d.rlib(aspeed_ddk-c6ab62bacbf4df4d.8karra24em7spmg77fmdsa2hf.rcgu.o):(.debug_line)
    a918     a918      560     1         /home/slee/work/rot/aspeed/aspeed-rust/target/thumbv7em-none-eabihf/debug/deps/libaspeed_ddk-c6ab62bacbf4df4d.rlib(aspeed_ddk-c6ab62bacbf4df4d.0rsqlxd2rmp21f6w5x7fwec9t.rcgu.o):(.debug_line)
    ae78     ae78       81     1         /home/slee/work/rot/aspeed/aspeed-rust/target/thumbv7em-none-eabihf/debug/deps/libaspeed_ddk-c6ab62bacbf4df4d.rlib(aspeed_ddk-c6ab62bacbf4df4d.5epv8mpkedtntlfvgazmi13ir.rcgu.o):(.debug_line)
    aef9     aef9       92     1         /home/slee/work/rot/aspeed/aspeed-rust/target/thumbv7em-none-eabihf/debug/deps/libaspeed_ddk-c6ab62bacbf4df4d.rlib(aspeed_ddk-c6ab62bacbf4df4d.42b5bulsa9dq1xqdoygfm8pmn.rcgu.o):(.debug_line)
    af8b     af8b       a8     1         /home/slee/work/rot/aspeed/aspeed-rust/target/thumbv7em-none-eabihf/debug/deps/libaspeed_ddk-c6ab62bacbf4df4d.rlib(aspeed_ddk-c6ab62bacbf4df4d.8geozisa30rrczh49yhap3wsu.rcgu.o):(.debug_line)
    b033     b033       89     1         /home/slee/work/rot/aspeed/aspeed-rust/target/thumbv7em-none-eabihf/debug/deps/libaspeed_ddk-c6ab62bacbf4df4d.rlib(aspeed_ddk-c6ab62bacbf4df4d.1719ywtzyagej0ycstsufbp67.rcgu.o):(.debug_line)
    b0bc     b0bc       85     1         /home/slee/work/rot/aspeed/aspeed-rust/target/thumbv7em-none-eabihf/debug/deps/libaspeed_ddk-c6ab62bacbf4df4d.rlib(aspeed_ddk-c6ab62bacbf4df4d.7mpdxqhdm93oiqba54sx74tli.rcgu.o):(.debug_line)
    b141     b141      7ae     1         /home/slee/work/rot/aspeed/aspeed-rust/target/thumbv7em-none-eabihf/debug/deps/libaspeed_ddk-c6ab62bacbf4df4d.rlib(aspeed_ddk-c6ab62bacbf4df4d.94mspzjqrbrzbu9e8j098aldm.rcgu.o):(.debug_line)
    b8ef     b8ef      78f     1         /home/slee/work/rot/aspeed/aspeed-rust/target/thumbv7em-none-eabihf/debug/deps/libaspeed_ddk-c6ab62bacbf4df4d.rlib(aspeed_ddk-c6ab62bacbf4df4d.3e2kqb3r5ximnug7jldioy77q.rcgu.o):(.debug_line)
    c07e     c07e      1be     1         /home/slee/work/rot/aspeed/aspeed-rust/target/thumbv7em-none-eabihf/debug/deps/libaspeed_ddk-c6ab62bacbf4df4d.rlib(aspeed_ddk-c6ab62bacbf4df4d.9a790b3yf6lq0iawheu2i1a20.rcgu.o):(.debug_line)
    c23c     c23c      94b     1         /home/slee/work/rot/aspeed/aspeed-rust/target/thumbv7em-none-eabihf/debug/deps/libaspeed_ddk-c6ab62bacbf4df4d.rlib(aspeed_ddk-c6ab62bacbf4df4d.9x3l1bh5xv0ze8lykusgnnuxc.rcgu.o):(.debug_line)
    cb87     cb87      3df     1         /home/slee/work/rot/aspeed/aspeed-rust/target/thumbv7em-none-eabihf/debug/deps/libaspeed_ddk-c6ab62bacbf4df4d.rlib(aspeed_ddk-c6ab62bacbf4df4d.65xzq8o6e7rv0d5i1tk509s0x.rcgu.o):(.debug_line)
    cf66     cf66      1b3     1         /home/slee/work/rot/aspeed/aspeed-rust/target/thumbv7em-none-eabihf/debug/deps/libaspeed_ddk-c6ab62bacbf4df4d.rlib(aspeed_ddk-c6ab62bacbf4df4d.9yd4zq8dqte4d814xpofr98ih.rcgu.o):(.debug_line)
    d119     d119      4c4     1         /home/slee/work/rot/aspeed/aspeed-rust/target/thumbv7em-none-eabihf/debug/deps/libaspeed_ddk-c6ab62bacbf4df4d.rlib(aspeed_ddk-c6ab62bacbf4df4d.adqijsi3r190z6b89ddwvkmmw.rcgu.o):(.debug_line)
    d5dd     d5dd      25b     1         /home/slee/work/rot/aspeed/aspeed-rust/target/thumbv7em-none-eabihf/debug/deps/libaspeed_ddk-c6ab62bacbf4df4d.rlib(aspeed_ddk-c6ab62bacbf4df4d.6wwh8fph38v44kyrrizddvq3i.rcgu.o):(.debug_line)
    d838     d838      1fc     1         /home/slee/work/rot/aspeed/aspeed-rust/target/thumbv7em-none-eabihf/debug/deps/libaspeed_ddk-c6ab62bacbf4df4d.rlib(aspeed_ddk-c6ab62bacbf4df4d.9mfeub8mlkqon91hc57ies6yn.rcgu.o):(.debug_line)
    da34     da34      706     1         /home/slee/work/rot/aspeed/aspeed-rust/target/thumbv7em-none-eabihf/debug/deps/libaspeed_ddk-c6ab62bacbf4df4d.rlib(aspeed_ddk-c6ab62bacbf4df4d.ae98p7f1pk9bpji503zv8yc6l.rcgu.o):(.debug_line)
    e13a     e13a       f4     1         /home/slee/work/rot/aspeed/aspeed-rust/target/thumbv7em-none-eabihf/debug/deps/libaspeed_ddk-c6ab62bacbf4df4d.rlib(aspeed_ddk-c6ab62bacbf4df4d.4pctz8vuufn7bjlqfkfk6adtq.rcgu.o):(.debug_line)
    e22e     e22e      187     1         /home/slee/work/rot/aspeed/aspeed-rust/target/thumbv7em-none-eabihf/debug/deps/libaspeed_ddk-c6ab62bacbf4df4d.rlib(aspeed_ddk-c6ab62bacbf4df4d.ant4i51uyafil73igdl2kkj8f.rcgu.o):(.debug_line)
    e3b5     e3b5       89     1         /home/slee/work/rot/aspeed/aspeed-rust/target/thumbv7em-none-eabihf/debug/deps/libaspeed_ddk-c6ab62bacbf4df4d.rlib(aspeed_ddk-c6ab62bacbf4df4d.3cf4zh58zn9nm60arymsw17ob.rcgu.o):(.debug_line)
    e43e     e43e       e2     1         /home/slee/work/rot/aspeed/aspeed-rust/target/thumbv7em-none-eabihf/debug/deps/libaspeed_ddk-c6ab62bacbf4df4d.rlib(aspeed_ddk-c6ab62bacbf4df4d.2i7m04t4dwnqg63k5jq3ij9hy.rcgu.o):(.debug_line)
    e520     e520      647     1         /home/slee/work/rot/aspeed/aspeed-rust/target/thumbv7em-none-eabihf/debug/deps/libaspeed_ddk-c6ab62bacbf4df4d.rlib(aspeed_ddk-c6ab62bacbf4df4d.awced4amrwohgtmut7nrjgfiv.rcgu.o):(.debug_line)
    eb67     eb67       f6     1         /home/slee/work/rot/aspeed/aspeed-rust/target/thumbv7em-none-eabihf/debug/deps/libaspeed_ddk-c6ab62bacbf4df4d.rlib(aspeed_ddk-c6ab62bacbf4df4d.b97wbo090dxcxrtjvyzowyj0l.rcgu.o):(.debug_line)
    ec5d     ec5d      11e     1         /home/slee/work/rot/aspeed/aspeed-rust/target/thumbv7em-none-eabihf/debug/deps/libaspeed_ddk-c6ab62bacbf4df4d.rlib(aspeed_ddk-c6ab62bacbf4df4d.b99ieuwc8sb2hmeedqluzp34s.rcgu.o):(.debug_line)
    ed7b     ed7b      52d     1         /home/slee/work/rot/aspeed/aspeed-rust/target/thumbv7em-none-eabihf/debug/deps/libaspeed_ddk-c6ab62bacbf4df4d.rlib(aspeed_ddk-c6ab62bacbf4df4d.bkgimrp7il8ymie3cjt8fvjk5.rcgu.o):(.debug_line)
    f2a8     f2a8       e5     1         /home/slee/work/rot/aspeed/aspeed-rust/target/thumbv7em-none-eabihf/debug/deps/libaspeed_ddk-c6ab62bacbf4df4d.rlib(aspeed_ddk-c6ab62bacbf4df4d.bumc2nw0xftq352744f5wdlla.rcgu.o):(.debug_line)
    f38d     f38d      404     1         /home/slee/work/rot/aspeed/aspeed-rust/target/thumbv7em-none-eabihf/debug/deps/libaspeed_ddk-c6ab62bacbf4df4d.rlib(aspeed_ddk-c6ab62bacbf4df4d.bz86uy02903nktgeskmifl2nz.rcgu.o):(.debug_line)
    f791     f791      1f6     1         /home/slee/work/rot/aspeed/aspeed-rust/target/thumbv7em-none-eabihf/debug/deps/libaspeed_ddk-c6ab62bacbf4df4d.rlib(aspeed_ddk-c6ab62bacbf4df4d.c03u1xyrwevh4nayf1chfjr8o.rcgu.o):(.debug_line)
    f987     f987       83     1         /home/slee/work/rot/aspeed/aspeed-rust/target/thumbv7em-none-eabihf/debug/deps/libaspeed_ddk-c6ab62bacbf4df4d.rlib(aspeed_ddk-c6ab62bacbf4df4d.0u4m6oe96lse6qcr7wn3vpjcg.rcgu.o):(.debug_line)
    fa0a     fa0a      317     1         /home/slee/work/rot/aspeed/aspeed-rust/target/thumbv7em-none-eabihf/debug/deps/libaspeed_ddk-c6ab62bacbf4df4d.rlib(aspeed_ddk-c6ab62bacbf4df4d.c15makrplddfxquyoglqmk3a1.rcgu.o):(.debug_line)
    fd21     fd21       e5     1         /home/slee/work/rot/aspeed/aspeed-rust/target/thumbv7em-none-eabihf/debug/deps/libaspeed_ddk-c6ab62bacbf4df4d.rlib(aspeed_ddk-c6ab62bacbf4df4d.amehmpbuzy8z326opzbxk8lt1.rcgu.o):(.debug_line)
    fe06     fe06      37f     1         /home/slee/work/rot/aspeed/aspeed-rust/target/thumbv7em-none-eabihf/debug/deps/libaspeed_ddk-c6ab62bacbf4df4d.rlib(aspeed_ddk-c6ab62bacbf4df4d.a98qayvztxiu90anda0vw7rpk.rcgu.o):(.debug_line)
   10185    10185      15a     1         /home/slee/work/rot/aspeed/aspeed-rust/target/thumbv7em-none-eabihf/debug/deps/libaspeed_ddk-c6ab62bacbf4df4d.rlib(aspeed_ddk-c6ab62bacbf4df4d.6xpquj5e6x8oilkoi5kqsxlwr.rcgu.o):(.debug_line)
   102df    102df      438     1         /home/slee/work/rot/aspeed/aspeed-rust/target/thumbv7em-none-eabihf/debug/deps/libaspeed_ddk-c6ab62bacbf4df4d.rlib(aspeed_ddk-c6ab62bacbf4df4d.c5yxsnbb1ouez2v9i0qcbjpz2.rcgu.o):(.debug_line)
   10717    10717      438     1         /home/slee/work/rot/aspeed/aspeed-rust/target/thumbv7em-none-eabihf/debug/deps/libaspeed_ddk-c6ab62bacbf4df4d.rlib(aspeed_ddk-c6ab62bacbf4df4d.cp5eoapck20whuxgtsv7mddu0.rcgu.o):(.debug_line)
   10b4f    10b4f       46     1         /home/slee/work/rot/aspeed/aspeed-rust/target/thumbv7em-none-eabihf/debug/deps/libaspeed_ddk-c6ab62bacbf4df4d.rlib(aspeed_ddk-c6ab62bacbf4df4d.d84d3xe1u2fw4aqnb3cceyq6r.rcgu.o):(.debug_line)
   10b95    10b95      c89     1         /home/slee/work/rot/aspeed/aspeed-rust/target/thumbv7em-none-eabihf/debug/deps/libaspeed_ddk-c6ab62bacbf4df4d.rlib(aspeed_ddk-c6ab62bacbf4df4d.dhqjxcjc0wapfrqj6hszurjfw.rcgu.o):(.debug_line)
   1181e    1181e      9bb     1         /home/slee/work/rot/aspeed/aspeed-rust/target/thumbv7em-none-eabihf/debug/deps/libaspeed_ddk-c6ab62bacbf4df4d.rlib(aspeed_ddk-c6ab62bacbf4df4d.dxt5xvo2zvobzpd5gs205tuqg.rcgu.o):(.debug_line)
   121d9    121d9      665     1         /home/slee/work/rot/aspeed/aspeed-rust/target/thumbv7em-none-eabihf/debug/deps/libaspeed_ddk-c6ab62bacbf4df4d.rlib(aspeed_ddk-c6ab62bacbf4df4d.e3qf8l0d7hjjlv0vgrtbd6yis.rcgu.o):(.debug_line)
   1283e    1283e      492     1         /home/slee/work/rot/aspeed/aspeed-rust/target/thumbv7em-none-eabihf/debug/deps/libaspeed_ddk-c6ab62bacbf4df4d.rlib(aspeed_ddk-c6ab62bacbf4df4d.e6dv709o945otrdbhqv1cx0c3.rcgu.o):(.debug_line)
   12cd0    12cd0       e2     1         /home/slee/work/rot/aspeed/aspeed-rust/target/thumbv7em-none-eabihf/debug/deps/libaspeed_ddk-c6ab62bacbf4df4d.rlib(aspeed_ddk-c6ab62bacbf4df4d.ef7rspkrbdrjjn6xa1zssdl4o.rcgu.o):(.debug_line)
   12db2    12db2      360     1         /home/slee/work/rot/aspeed/aspeed-rust/target/thumbv7em-none-eabihf/debug/deps/libaspeed_ddk-c6ab62bacbf4df4d.rlib(aspeed_ddk-c6ab62bacbf4df4d.etq42mpe0uhtratendhurrfdz.rcgu.o):(.debug_line)
   13112    13112      20d     1         /home/slee/work/rot/aspeed/aspeed-rust/target/thumbv7em-none-eabihf/debug/deps/libhex_literal-71f89334ee8b00ea.rlib(hex_literal-71f89334ee8b00ea.hex_literal.44fba839c5fe7471-cgu.0.rcgu.o):(.debug_line)
   1331f    1331f     107c     1         /home/slee/work/rot/aspeed/aspeed-rust/target/thumbv7em-none-eabihf/debug/deps/libproposed_traits-6fe343b19a419ddd.rlib(proposed_traits-6fe343b19a419ddd.proposed_traits.e0022388c6de5e1d-cgu.0.rcgu.o):(.debug_line)
   1439b    1439b      b66     1         /home/slee/work/rot/aspeed/aspeed-rust/target/thumbv7em-none-eabihf/debug/deps/librand_core-0840ea277138f2ac.rlib(rand_core-0840ea277138f2ac.rand_core.a4337981dcad60fc-cgu.0.rcgu.o):(.debug_line)
   14f01    14f01      5bd     1         /home/slee/work/rot/aspeed/aspeed-rust/target/thumbv7em-none-eabihf/debug/deps/libast1060_pac-dfaf7d930f025a6e.rlib(ast1060_pac-dfaf7d930f025a6e.ast1060_pac.61251ec471e6e6c7-cgu.0.rcgu.o):(.debug_line)
   154be    154be      bef     1         /home/slee/work/rot/aspeed/aspeed-rust/target/thumbv7em-none-eabihf/debug/deps/libcortex_m-812879a7cca9c6c8.rlib(cortex_m-812879a7cca9c6c8.cortex_m.7f51e7952caffc6b-cgu.0.rcgu.o):(.debug_line)
   160ad    160ad      4ad     1         /home/slee/work/rot/aspeed/aspeed-rust/target/thumbv7em-none-eabihf/debug/deps/libcortex_m-812879a7cca9c6c8.rlib(bin/thumbv7em-none-eabihf.o):(.debug_line)
   1655a    1655a    1c0bb     1         /home/slee/.rustup/toolchains/nightly-2024-09-17-x86_64-unknown-linux-gnu/lib/rustlib/thumbv7em-none-eabihf/lib/libcore-6c7f6233b52d4c10.rlib(core-6c7f6233b52d4c10.core.852c90009024f853-cgu.0.rcgu.o):(.debug_line)
   32615    32615       ab     1         /home/slee/.rustup/toolchains/nightly-2024-09-17-x86_64-unknown-linux-gnu/lib/rustlib/thumbv7em-none-eabihf/lib/libcompiler_builtins-53d64bf4200dbde9.rlib(compiler_builtins-53d64bf4200dbde9.compiler_builtins.cb1056fec953b42b-cgu.080.rcgu.o):(.debug_line)
   326c0    326c0      223     1         /home/slee/.rustup/toolchains/nightly-2024-09-17-x86_64-unknown-linux-gnu/lib/rustlib/thumbv7em-none-eabihf/lib/libcompiler_builtins-53d64bf4200dbde9.rlib(compiler_builtins-53d64bf4200dbde9.compiler_builtins.cb1056fec953b42b-cgu.121.rcgu.o):(.debug_line)
   328e3    328e3      221     1         /home/slee/.rustup/toolchains/nightly-2024-09-17-x86_64-unknown-linux-gnu/lib/rustlib/thumbv7em-none-eabihf/lib/libcompiler_builtins-53d64bf4200dbde9.rlib(compiler_builtins-53d64bf4200dbde9.compiler_builtins.cb1056fec953b42b-cgu.129.rcgu.o):(.debug_line)
   32b04    32b04      232     1         /home/slee/.rustup/toolchains/nightly-2024-09-17-x86_64-unknown-linux-gnu/lib/rustlib/thumbv7em-none-eabihf/lib/libcompiler_builtins-53d64bf4200dbde9.rlib(compiler_builtins-53d64bf4200dbde9.compiler_builtins.cb1056fec953b42b-cgu.175.rcgu.o):(.debug_line)
   32d36    32d36      1d4     1         /home/slee/.rustup/toolchains/nightly-2024-09-17-x86_64-unknown-linux-gnu/lib/rustlib/thumbv7em-none-eabihf/lib/libcompiler_builtins-53d64bf4200dbde9.rlib(compiler_builtins-53d64bf4200dbde9.compiler_builtins.cb1056fec953b42b-cgu.189.rcgu.o):(.debug_line)
   32f0a    32f0a      d92     1         /home/slee/.rustup/toolchains/nightly-2024-09-17-x86_64-unknown-linux-gnu/lib/rustlib/thumbv7em-none-eabihf/lib/libcompiler_builtins-53d64bf4200dbde9.rlib(compiler_builtins-53d64bf4200dbde9.compiler_builtins.cb1056fec953b42b-cgu.010.rcgu.o):(.debug_line)
   33c9c    33c9c      244     1         /home/slee/.rustup/toolchains/nightly-2024-09-17-x86_64-unknown-linux-gnu/lib/rustlib/thumbv7em-none-eabihf/lib/libcompiler_builtins-53d64bf4200dbde9.rlib(compiler_builtins-53d64bf4200dbde9.compiler_builtins.cb1056fec953b42b-cgu.228.rcgu.o):(.debug_line)
   33ee0    33ee0       7b     1         /home/slee/.rustup/toolchains/nightly-2024-09-17-x86_64-unknown-linux-gnu/lib/rustlib/thumbv7em-none-eabihf/lib/libcompiler_builtins-53d64bf4200dbde9.rlib(compiler_builtins-53d64bf4200dbde9.compiler_builtins.cb1056fec953b42b-cgu.235.rcgu.o):(.debug_line)
   33f5b    33f5b       42     1         /home/slee/.rustup/toolchains/nightly-2024-09-17-x86_64-unknown-linux-gnu/lib/rustlib/thumbv7em-none-eabihf/lib/libcompiler_builtins-53d64bf4200dbde9.rlib(compiler_builtins-53d64bf4200dbde9.compiler_builtins.cb1056fec953b42b-cgu.237.rcgu.o):(.debug_line)
   33f9d    33f9d      d89     1         /home/slee/.rustup/toolchains/nightly-2024-09-17-x86_64-unknown-linux-gnu/lib/rustlib/thumbv7em-none-eabihf/lib/libcompiler_builtins-53d64bf4200dbde9.rlib(compiler_builtins-53d64bf4200dbde9.compiler_builtins.cb1056fec953b42b-cgu.004.rcgu.o):(.debug_line)
   34d26    34d26      3a4     1         /home/slee/.rustup/toolchains/nightly-2024-09-17-x86_64-unknown-linux-gnu/lib/rustlib/thumbv7em-none-eabihf/lib/libcompiler_builtins-53d64bf4200dbde9.rlib(compiler_builtins-53d64bf4200dbde9.compiler_builtins.cb1056fec953b42b-cgu.019.rcgu.o):(.debug_line)
   350ca    350ca      204     1         /home/slee/.rustup/toolchains/nightly-2024-09-17-x86_64-unknown-linux-gnu/lib/rustlib/thumbv7em-none-eabihf/lib/libcompiler_builtins-53d64bf4200dbde9.rlib(compiler_builtins-53d64bf4200dbde9.compiler_builtins.cb1056fec953b42b-cgu.248.rcgu.o):(.debug_line)
   352ce    352ce       7b     1         /home/slee/.rustup/toolchains/nightly-2024-09-17-x86_64-unknown-linux-gnu/lib/rustlib/thumbv7em-none-eabihf/lib/libcompiler_builtins-53d64bf4200dbde9.rlib(compiler_builtins-53d64bf4200dbde9.compiler_builtins.cb1056fec953b42b-cgu.251.rcgu.o):(.debug_line)
   35349    35349       49     1         /home/slee/.rustup/toolchains/nightly-2024-09-17-x86_64-unknown-linux-gnu/lib/rustlib/thumbv7em-none-eabihf/lib/libcompiler_builtins-53d64bf4200dbde9.rlib(compiler_builtins-53d64bf4200dbde9.compiler_builtins.cb1056fec953b42b-cgu.269.rcgu.o):(.debug_line)
   35392    35392      8f0     1         /home/slee/.rustup/toolchains/nightly-2024-09-17-x86_64-unknown-linux-gnu/lib/rustlib/thumbv7em-none-eabihf/lib/libcompiler_builtins-53d64bf4200dbde9.rlib(compiler_builtins-53d64bf4200dbde9.compiler_builtins.cb1056fec953b42b-cgu.005.rcgu.o):(.debug_line)
   35c82    35c82      2e7     1         /home/slee/.rustup/toolchains/nightly-2024-09-17-x86_64-unknown-linux-gnu/lib/rustlib/thumbv7em-none-eabihf/lib/libcompiler_builtins-53d64bf4200dbde9.rlib(compiler_builtins-53d64bf4200dbde9.compiler_builtins.cb1056fec953b42b-cgu.279.rcgu.o):(.debug_line)
   35f69    35f69      2e9     1         /home/slee/.rustup/toolchains/nightly-2024-09-17-x86_64-unknown-linux-gnu/lib/rustlib/thumbv7em-none-eabihf/lib/libcompiler_builtins-53d64bf4200dbde9.rlib(compiler_builtins-53d64bf4200dbde9.compiler_builtins.cb1056fec953b42b-cgu.317.rcgu.o):(.debug_line)
   36252    36252      1b2     1         /home/slee/.rustup/toolchains/nightly-2024-09-17-x86_64-unknown-linux-gnu/lib/rustlib/thumbv7em-none-eabihf/lib/libcompiler_builtins-53d64bf4200dbde9.rlib(compiler_builtins-53d64bf4200dbde9.compiler_builtins.cb1056fec953b42b-cgu.324.rcgu.o):(.debug_line)
   36404    36404      1d4     1         /home/slee/.rustup/toolchains/nightly-2024-09-17-x86_64-unknown-linux-gnu/lib/rustlib/thumbv7em-none-eabihf/lib/libcompiler_builtins-53d64bf4200dbde9.rlib(compiler_builtins-53d64bf4200dbde9.compiler_builtins.cb1056fec953b42b-cgu.335.rcgu.o):(.debug_line)
   365d8    365d8      215     1         /home/slee/.rustup/toolchains/nightly-2024-09-17-x86_64-unknown-linux-gnu/lib/rustlib/thumbv7em-none-eabihf/lib/libcompiler_builtins-53d64bf4200dbde9.rlib(compiler_builtins-53d64bf4200dbde9.compiler_builtins.cb1056fec953b42b-cgu.337.rcgu.o):(.debug_line)
   367ed    367ed       4b     1         /home/slee/.rustup/toolchains/nightly-2024-09-17-x86_64-unknown-linux-gnu/lib/rustlib/thumbv7em-none-eabihf/lib/libcompiler_builtins-53d64bf4200dbde9.rlib(compiler_builtins-53d64bf4200dbde9.compiler_builtins.cb1056fec953b42b-cgu.348.rcgu.o):(.debug_line)
   36838    36838       99     1         /home/slee/.rustup/toolchains/nightly-2024-09-17-x86_64-unknown-linux-gnu/lib/rustlib/thumbv7em-none-eabihf/lib/libcompiler_builtins-53d64bf4200dbde9.rlib(compiler_builtins-53d64bf4200dbde9.compiler_builtins.cb1056fec953b42b-cgu.210.rcgu.o):(.debug_line)
   368d1    368d1      630     1         /home/slee/.rustup/toolchains/nightly-2024-09-17-x86_64-unknown-linux-gnu/lib/rustlib/thumbv7em-none-eabihf/lib/libcompiler_builtins-53d64bf4200dbde9.rlib(compiler_builtins-53d64bf4200dbde9.compiler_builtins.cb1056fec953b42b-cgu.008.rcgu.o):(.debug_line)
       0        0      2be     1 .debug_pubnames
       0        0      2be     1         /home/slee/work/rot/aspeed/aspeed-rust/target/thumbv7em-none-eabihf/debug/deps/libcortex_m-812879a7cca9c6c8.rlib(bin/thumbv7em-none-eabihf.o):(.debug_pubnames)
       0        0       47     1 .debug_pubtypes
       0        0       47     1         /home/slee/work/rot/aspeed/aspeed-rust/target/thumbv7em-none-eabihf/debug/deps/libcortex_m-812879a7cca9c6c8.rlib(bin/thumbv7em-none-eabihf.o):(.debug_pubtypes)
       0        0     77c0     4 .symtab
       0        0     77c0     4         <internal>:(.symtab)
       0        0       f1     1 .shstrtab
       0        0       f1     1         <internal>:(.shstrtab)
       0        0    10d30     1 .strtab
       0        0    10d30     1         <internal>:(.strtab)
